<!doctype html public "-//w3c//dtd html 4.0 transitional//en">
<html><head>
<title>Static Call Graph - [.\output\debug\txrx.axf]</title></head>
<body><HR>
<H1>Static Call Graph for image .\output\debug\txrx.axf</H1><HR>
<BR><P>#&#060CALLGRAPH&#062# ARM Linker, 5060960: Last Updated: Tue Apr 08 15:37:57 2025
<BR><P>
<H3>Maximum Stack Usage =          0 bytes + Unknown(Cycles, Untraceable Function Pointers)</H3><H3>
Call chain for Maximum Stack Depth:</H3>

<P>
<H3>
Mutually Recursive functions
</H3> <LI><a href="#[8b]">IRQ128_Handler</a>&nbsp;&nbsp;&nbsp;&rArr;&nbsp;&nbsp;&nbsp;<a href="#[8b]">IRQ128_Handler</a><BR>
</UL>
<P>
<H3>
Function Pointers
</H3><UL>
 <LI><a href="#[a0]">BSP_PRINTF_PortInit</a> from ev_hc32f460_lqfp100_v2.o(i.BSP_PRINTF_PortInit) referenced from ev_hc32f460_lqfp100_v2.o(i.Uart_Config)
 <LI><a href="#[5]">BusFault_Handler</a> from hc32f460_interrupts.o(i.BusFault_Handler) referenced from startup_hc32f460.o(RESET)
 <LI><a href="#[8]">DebugMon_Handler</a> from hc32f460_interrupts.o(i.DebugMon_Handler) referenced from startup_hc32f460.o(RESET)
 <LI><a href="#[3]">HardFault_Handler</a> from hc32f460_interrupts.o(i.HardFault_Handler) referenced from startup_hc32f460.o(RESET)
 <LI><a href="#[b]">IRQ000_Handler</a> from hc32f460_interrupts.o(i.IRQ000_Handler) referenced from startup_hc32f460.o(RESET)
 <LI><a href="#[c]">IRQ001_Handler</a> from hc32f460_interrupts.o(i.IRQ001_Handler) referenced from startup_hc32f460.o(RESET)
 <LI><a href="#[d]">IRQ002_Handler</a> from hc32f460_interrupts.o(i.IRQ002_Handler) referenced from startup_hc32f460.o(RESET)
 <LI><a href="#[e]">IRQ003_Handler</a> from hc32f460_interrupts.o(i.IRQ003_Handler) referenced from startup_hc32f460.o(RESET)
 <LI><a href="#[f]">IRQ004_Handler</a> from hc32f460_interrupts.o(i.IRQ004_Handler) referenced from startup_hc32f460.o(RESET)
 <LI><a href="#[10]">IRQ005_Handler</a> from hc32f460_interrupts.o(i.IRQ005_Handler) referenced from startup_hc32f460.o(RESET)
 <LI><a href="#[11]">IRQ006_Handler</a> from hc32f460_interrupts.o(i.IRQ006_Handler) referenced from startup_hc32f460.o(RESET)
 <LI><a href="#[12]">IRQ007_Handler</a> from hc32f460_interrupts.o(i.IRQ007_Handler) referenced from startup_hc32f460.o(RESET)
 <LI><a href="#[13]">IRQ008_Handler</a> from hc32f460_interrupts.o(i.IRQ008_Handler) referenced from startup_hc32f460.o(RESET)
 <LI><a href="#[14]">IRQ009_Handler</a> from hc32f460_interrupts.o(i.IRQ009_Handler) referenced from startup_hc32f460.o(RESET)
 <LI><a href="#[15]">IRQ010_Handler</a> from hc32f460_interrupts.o(i.IRQ010_Handler) referenced from startup_hc32f460.o(RESET)
 <LI><a href="#[16]">IRQ011_Handler</a> from hc32f460_interrupts.o(i.IRQ011_Handler) referenced from startup_hc32f460.o(RESET)
 <LI><a href="#[17]">IRQ012_Handler</a> from hc32f460_interrupts.o(i.IRQ012_Handler) referenced from startup_hc32f460.o(RESET)
 <LI><a href="#[18]">IRQ013_Handler</a> from hc32f460_interrupts.o(i.IRQ013_Handler) referenced from startup_hc32f460.o(RESET)
 <LI><a href="#[19]">IRQ014_Handler</a> from hc32f460_interrupts.o(i.IRQ014_Handler) referenced from startup_hc32f460.o(RESET)
 <LI><a href="#[1a]">IRQ015_Handler</a> from hc32f460_interrupts.o(i.IRQ015_Handler) referenced from startup_hc32f460.o(RESET)
 <LI><a href="#[1b]">IRQ016_Handler</a> from hc32f460_interrupts.o(i.IRQ016_Handler) referenced from startup_hc32f460.o(RESET)
 <LI><a href="#[1c]">IRQ017_Handler</a> from hc32f460_interrupts.o(i.IRQ017_Handler) referenced from startup_hc32f460.o(RESET)
 <LI><a href="#[1d]">IRQ018_Handler</a> from hc32f460_interrupts.o(i.IRQ018_Handler) referenced from startup_hc32f460.o(RESET)
 <LI><a href="#[1e]">IRQ019_Handler</a> from hc32f460_interrupts.o(i.IRQ019_Handler) referenced from startup_hc32f460.o(RESET)
 <LI><a href="#[1f]">IRQ020_Handler</a> from hc32f460_interrupts.o(i.IRQ020_Handler) referenced from startup_hc32f460.o(RESET)
 <LI><a href="#[20]">IRQ021_Handler</a> from hc32f460_interrupts.o(i.IRQ021_Handler) referenced from startup_hc32f460.o(RESET)
 <LI><a href="#[21]">IRQ022_Handler</a> from hc32f460_interrupts.o(i.IRQ022_Handler) referenced from startup_hc32f460.o(RESET)
 <LI><a href="#[22]">IRQ023_Handler</a> from hc32f460_interrupts.o(i.IRQ023_Handler) referenced from startup_hc32f460.o(RESET)
 <LI><a href="#[23]">IRQ024_Handler</a> from hc32f460_interrupts.o(i.IRQ024_Handler) referenced from startup_hc32f460.o(RESET)
 <LI><a href="#[24]">IRQ025_Handler</a> from hc32f460_interrupts.o(i.IRQ025_Handler) referenced from startup_hc32f460.o(RESET)
 <LI><a href="#[25]">IRQ026_Handler</a> from hc32f460_interrupts.o(i.IRQ026_Handler) referenced from startup_hc32f460.o(RESET)
 <LI><a href="#[26]">IRQ027_Handler</a> from hc32f460_interrupts.o(i.IRQ027_Handler) referenced from startup_hc32f460.o(RESET)
 <LI><a href="#[27]">IRQ028_Handler</a> from hc32f460_interrupts.o(i.IRQ028_Handler) referenced from startup_hc32f460.o(RESET)
 <LI><a href="#[28]">IRQ029_Handler</a> from hc32f460_interrupts.o(i.IRQ029_Handler) referenced from startup_hc32f460.o(RESET)
 <LI><a href="#[29]">IRQ030_Handler</a> from hc32f460_interrupts.o(i.IRQ030_Handler) referenced from startup_hc32f460.o(RESET)
 <LI><a href="#[2a]">IRQ031_Handler</a> from hc32f460_interrupts.o(i.IRQ031_Handler) referenced from startup_hc32f460.o(RESET)
 <LI><a href="#[2b]">IRQ032_Handler</a> from hc32f460_interrupts.o(i.IRQ032_Handler) referenced from startup_hc32f460.o(RESET)
 <LI><a href="#[2c]">IRQ033_Handler</a> from hc32f460_interrupts.o(i.IRQ033_Handler) referenced from startup_hc32f460.o(RESET)
 <LI><a href="#[2d]">IRQ034_Handler</a> from hc32f460_interrupts.o(i.IRQ034_Handler) referenced from startup_hc32f460.o(RESET)
 <LI><a href="#[2e]">IRQ035_Handler</a> from hc32f460_interrupts.o(i.IRQ035_Handler) referenced from startup_hc32f460.o(RESET)
 <LI><a href="#[2f]">IRQ036_Handler</a> from hc32f460_interrupts.o(i.IRQ036_Handler) referenced from startup_hc32f460.o(RESET)
 <LI><a href="#[30]">IRQ037_Handler</a> from hc32f460_interrupts.o(i.IRQ037_Handler) referenced from startup_hc32f460.o(RESET)
 <LI><a href="#[31]">IRQ038_Handler</a> from hc32f460_interrupts.o(i.IRQ038_Handler) referenced from startup_hc32f460.o(RESET)
 <LI><a href="#[32]">IRQ039_Handler</a> from hc32f460_interrupts.o(i.IRQ039_Handler) referenced from startup_hc32f460.o(RESET)
 <LI><a href="#[33]">IRQ040_Handler</a> from hc32f460_interrupts.o(i.IRQ040_Handler) referenced from startup_hc32f460.o(RESET)
 <LI><a href="#[34]">IRQ041_Handler</a> from hc32f460_interrupts.o(i.IRQ041_Handler) referenced from startup_hc32f460.o(RESET)
 <LI><a href="#[35]">IRQ042_Handler</a> from hc32f460_interrupts.o(i.IRQ042_Handler) referenced from startup_hc32f460.o(RESET)
 <LI><a href="#[36]">IRQ043_Handler</a> from hc32f460_interrupts.o(i.IRQ043_Handler) referenced from startup_hc32f460.o(RESET)
 <LI><a href="#[37]">IRQ044_Handler</a> from hc32f460_interrupts.o(i.IRQ044_Handler) referenced from startup_hc32f460.o(RESET)
 <LI><a href="#[38]">IRQ045_Handler</a> from hc32f460_interrupts.o(i.IRQ045_Handler) referenced from startup_hc32f460.o(RESET)
 <LI><a href="#[39]">IRQ046_Handler</a> from hc32f460_interrupts.o(i.IRQ046_Handler) referenced from startup_hc32f460.o(RESET)
 <LI><a href="#[3a]">IRQ047_Handler</a> from hc32f460_interrupts.o(i.IRQ047_Handler) referenced from startup_hc32f460.o(RESET)
 <LI><a href="#[3b]">IRQ048_Handler</a> from hc32f460_interrupts.o(i.IRQ048_Handler) referenced from startup_hc32f460.o(RESET)
 <LI><a href="#[3c]">IRQ049_Handler</a> from hc32f460_interrupts.o(i.IRQ049_Handler) referenced from startup_hc32f460.o(RESET)
 <LI><a href="#[3d]">IRQ050_Handler</a> from hc32f460_interrupts.o(i.IRQ050_Handler) referenced from startup_hc32f460.o(RESET)
 <LI><a href="#[3e]">IRQ051_Handler</a> from hc32f460_interrupts.o(i.IRQ051_Handler) referenced from startup_hc32f460.o(RESET)
 <LI><a href="#[3f]">IRQ052_Handler</a> from hc32f460_interrupts.o(i.IRQ052_Handler) referenced from startup_hc32f460.o(RESET)
 <LI><a href="#[40]">IRQ053_Handler</a> from hc32f460_interrupts.o(i.IRQ053_Handler) referenced from startup_hc32f460.o(RESET)
 <LI><a href="#[41]">IRQ054_Handler</a> from hc32f460_interrupts.o(i.IRQ054_Handler) referenced from startup_hc32f460.o(RESET)
 <LI><a href="#[42]">IRQ055_Handler</a> from hc32f460_interrupts.o(i.IRQ055_Handler) referenced from startup_hc32f460.o(RESET)
 <LI><a href="#[43]">IRQ056_Handler</a> from hc32f460_interrupts.o(i.IRQ056_Handler) referenced from startup_hc32f460.o(RESET)
 <LI><a href="#[44]">IRQ057_Handler</a> from hc32f460_interrupts.o(i.IRQ057_Handler) referenced from startup_hc32f460.o(RESET)
 <LI><a href="#[45]">IRQ058_Handler</a> from hc32f460_interrupts.o(i.IRQ058_Handler) referenced from startup_hc32f460.o(RESET)
 <LI><a href="#[46]">IRQ059_Handler</a> from hc32f460_interrupts.o(i.IRQ059_Handler) referenced from startup_hc32f460.o(RESET)
 <LI><a href="#[47]">IRQ060_Handler</a> from hc32f460_interrupts.o(i.IRQ060_Handler) referenced from startup_hc32f460.o(RESET)
 <LI><a href="#[48]">IRQ061_Handler</a> from hc32f460_interrupts.o(i.IRQ061_Handler) referenced from startup_hc32f460.o(RESET)
 <LI><a href="#[49]">IRQ062_Handler</a> from hc32f460_interrupts.o(i.IRQ062_Handler) referenced from startup_hc32f460.o(RESET)
 <LI><a href="#[4a]">IRQ063_Handler</a> from hc32f460_interrupts.o(i.IRQ063_Handler) referenced from startup_hc32f460.o(RESET)
 <LI><a href="#[4b]">IRQ064_Handler</a> from hc32f460_interrupts.o(i.IRQ064_Handler) referenced from startup_hc32f460.o(RESET)
 <LI><a href="#[4c]">IRQ065_Handler</a> from hc32f460_interrupts.o(i.IRQ065_Handler) referenced from startup_hc32f460.o(RESET)
 <LI><a href="#[4d]">IRQ066_Handler</a> from hc32f460_interrupts.o(i.IRQ066_Handler) referenced from startup_hc32f460.o(RESET)
 <LI><a href="#[4e]">IRQ067_Handler</a> from hc32f460_interrupts.o(i.IRQ067_Handler) referenced from startup_hc32f460.o(RESET)
 <LI><a href="#[4f]">IRQ068_Handler</a> from hc32f460_interrupts.o(i.IRQ068_Handler) referenced from startup_hc32f460.o(RESET)
 <LI><a href="#[50]">IRQ069_Handler</a> from hc32f460_interrupts.o(i.IRQ069_Handler) referenced from startup_hc32f460.o(RESET)
 <LI><a href="#[51]">IRQ070_Handler</a> from hc32f460_interrupts.o(i.IRQ070_Handler) referenced from startup_hc32f460.o(RESET)
 <LI><a href="#[52]">IRQ071_Handler</a> from hc32f460_interrupts.o(i.IRQ071_Handler) referenced from startup_hc32f460.o(RESET)
 <LI><a href="#[53]">IRQ072_Handler</a> from hc32f460_interrupts.o(i.IRQ072_Handler) referenced from startup_hc32f460.o(RESET)
 <LI><a href="#[54]">IRQ073_Handler</a> from hc32f460_interrupts.o(i.IRQ073_Handler) referenced from startup_hc32f460.o(RESET)
 <LI><a href="#[55]">IRQ074_Handler</a> from hc32f460_interrupts.o(i.IRQ074_Handler) referenced from startup_hc32f460.o(RESET)
 <LI><a href="#[56]">IRQ075_Handler</a> from hc32f460_interrupts.o(i.IRQ075_Handler) referenced from startup_hc32f460.o(RESET)
 <LI><a href="#[57]">IRQ076_Handler</a> from hc32f460_interrupts.o(i.IRQ076_Handler) referenced from startup_hc32f460.o(RESET)
 <LI><a href="#[58]">IRQ077_Handler</a> from hc32f460_interrupts.o(i.IRQ077_Handler) referenced from startup_hc32f460.o(RESET)
 <LI><a href="#[59]">IRQ078_Handler</a> from hc32f460_interrupts.o(i.IRQ078_Handler) referenced from startup_hc32f460.o(RESET)
 <LI><a href="#[5a]">IRQ079_Handler</a> from hc32f460_interrupts.o(i.IRQ079_Handler) referenced from startup_hc32f460.o(RESET)
 <LI><a href="#[5b]">IRQ080_Handler</a> from hc32f460_interrupts.o(i.IRQ080_Handler) referenced from startup_hc32f460.o(RESET)
 <LI><a href="#[5c]">IRQ081_Handler</a> from hc32f460_interrupts.o(i.IRQ081_Handler) referenced from startup_hc32f460.o(RESET)
 <LI><a href="#[5d]">IRQ082_Handler</a> from hc32f460_interrupts.o(i.IRQ082_Handler) referenced from startup_hc32f460.o(RESET)
 <LI><a href="#[5e]">IRQ083_Handler</a> from hc32f460_interrupts.o(i.IRQ083_Handler) referenced from startup_hc32f460.o(RESET)
 <LI><a href="#[5f]">IRQ084_Handler</a> from hc32f460_interrupts.o(i.IRQ084_Handler) referenced from startup_hc32f460.o(RESET)
 <LI><a href="#[60]">IRQ085_Handler</a> from hc32f460_interrupts.o(i.IRQ085_Handler) referenced from startup_hc32f460.o(RESET)
 <LI><a href="#[61]">IRQ086_Handler</a> from hc32f460_interrupts.o(i.IRQ086_Handler) referenced from startup_hc32f460.o(RESET)
 <LI><a href="#[62]">IRQ087_Handler</a> from hc32f460_interrupts.o(i.IRQ087_Handler) referenced from startup_hc32f460.o(RESET)
 <LI><a href="#[63]">IRQ088_Handler</a> from hc32f460_interrupts.o(i.IRQ088_Handler) referenced from startup_hc32f460.o(RESET)
 <LI><a href="#[64]">IRQ089_Handler</a> from hc32f460_interrupts.o(i.IRQ089_Handler) referenced from startup_hc32f460.o(RESET)
 <LI><a href="#[65]">IRQ090_Handler</a> from hc32f460_interrupts.o(i.IRQ090_Handler) referenced from startup_hc32f460.o(RESET)
 <LI><a href="#[66]">IRQ091_Handler</a> from hc32f460_interrupts.o(i.IRQ091_Handler) referenced from startup_hc32f460.o(RESET)
 <LI><a href="#[67]">IRQ092_Handler</a> from hc32f460_interrupts.o(i.IRQ092_Handler) referenced from startup_hc32f460.o(RESET)
 <LI><a href="#[68]">IRQ093_Handler</a> from hc32f460_interrupts.o(i.IRQ093_Handler) referenced from startup_hc32f460.o(RESET)
 <LI><a href="#[69]">IRQ094_Handler</a> from hc32f460_interrupts.o(i.IRQ094_Handler) referenced from startup_hc32f460.o(RESET)
 <LI><a href="#[6a]">IRQ095_Handler</a> from hc32f460_interrupts.o(i.IRQ095_Handler) referenced from startup_hc32f460.o(RESET)
 <LI><a href="#[6b]">IRQ096_Handler</a> from hc32f460_interrupts.o(i.IRQ096_Handler) referenced from startup_hc32f460.o(RESET)
 <LI><a href="#[6c]">IRQ097_Handler</a> from hc32f460_interrupts.o(i.IRQ097_Handler) referenced from startup_hc32f460.o(RESET)
 <LI><a href="#[6d]">IRQ098_Handler</a> from hc32f460_interrupts.o(i.IRQ098_Handler) referenced from startup_hc32f460.o(RESET)
 <LI><a href="#[6e]">IRQ099_Handler</a> from hc32f460_interrupts.o(i.IRQ099_Handler) referenced from startup_hc32f460.o(RESET)
 <LI><a href="#[6f]">IRQ100_Handler</a> from hc32f460_interrupts.o(i.IRQ100_Handler) referenced from startup_hc32f460.o(RESET)
 <LI><a href="#[70]">IRQ101_Handler</a> from hc32f460_interrupts.o(i.IRQ101_Handler) referenced from startup_hc32f460.o(RESET)
 <LI><a href="#[71]">IRQ102_Handler</a> from hc32f460_interrupts.o(i.IRQ102_Handler) referenced from startup_hc32f460.o(RESET)
 <LI><a href="#[72]">IRQ103_Handler</a> from hc32f460_interrupts.o(i.IRQ103_Handler) referenced from startup_hc32f460.o(RESET)
 <LI><a href="#[73]">IRQ104_Handler</a> from hc32f460_interrupts.o(i.IRQ104_Handler) referenced from startup_hc32f460.o(RESET)
 <LI><a href="#[74]">IRQ105_Handler</a> from hc32f460_interrupts.o(i.IRQ105_Handler) referenced from startup_hc32f460.o(RESET)
 <LI><a href="#[75]">IRQ106_Handler</a> from hc32f460_interrupts.o(i.IRQ106_Handler) referenced from startup_hc32f460.o(RESET)
 <LI><a href="#[76]">IRQ107_Handler</a> from hc32f460_interrupts.o(i.IRQ107_Handler) referenced from startup_hc32f460.o(RESET)
 <LI><a href="#[77]">IRQ108_Handler</a> from hc32f460_interrupts.o(i.IRQ108_Handler) referenced from startup_hc32f460.o(RESET)
 <LI><a href="#[78]">IRQ109_Handler</a> from hc32f460_interrupts.o(i.IRQ109_Handler) referenced from startup_hc32f460.o(RESET)
 <LI><a href="#[79]">IRQ110_Handler</a> from hc32f460_interrupts.o(i.IRQ110_Handler) referenced from startup_hc32f460.o(RESET)
 <LI><a href="#[7a]">IRQ111_Handler</a> from hc32f460_interrupts.o(i.IRQ111_Handler) referenced from startup_hc32f460.o(RESET)
 <LI><a href="#[7b]">IRQ112_Handler</a> from hc32f460_interrupts.o(i.IRQ112_Handler) referenced from startup_hc32f460.o(RESET)
 <LI><a href="#[7c]">IRQ113_Handler</a> from hc32f460_interrupts.o(i.IRQ113_Handler) referenced from startup_hc32f460.o(RESET)
 <LI><a href="#[7d]">IRQ114_Handler</a> from hc32f460_interrupts.o(i.IRQ114_Handler) referenced from startup_hc32f460.o(RESET)
 <LI><a href="#[7e]">IRQ115_Handler</a> from hc32f460_interrupts.o(i.IRQ115_Handler) referenced from startup_hc32f460.o(RESET)
 <LI><a href="#[7f]">IRQ116_Handler</a> from hc32f460_interrupts.o(i.IRQ116_Handler) referenced from startup_hc32f460.o(RESET)
 <LI><a href="#[80]">IRQ117_Handler</a> from hc32f460_interrupts.o(i.IRQ117_Handler) referenced from startup_hc32f460.o(RESET)
 <LI><a href="#[81]">IRQ118_Handler</a> from hc32f460_interrupts.o(i.IRQ118_Handler) referenced from startup_hc32f460.o(RESET)
 <LI><a href="#[82]">IRQ119_Handler</a> from hc32f460_interrupts.o(i.IRQ119_Handler) referenced from startup_hc32f460.o(RESET)
 <LI><a href="#[83]">IRQ120_Handler</a> from hc32f460_interrupts.o(i.IRQ120_Handler) referenced from startup_hc32f460.o(RESET)
 <LI><a href="#[84]">IRQ121_Handler</a> from hc32f460_interrupts.o(i.IRQ121_Handler) referenced from startup_hc32f460.o(RESET)
 <LI><a href="#[85]">IRQ122_Handler</a> from hc32f460_interrupts.o(i.IRQ122_Handler) referenced from startup_hc32f460.o(RESET)
 <LI><a href="#[86]">IRQ123_Handler</a> from hc32f460_interrupts.o(i.IRQ123_Handler) referenced from startup_hc32f460.o(RESET)
 <LI><a href="#[87]">IRQ124_Handler</a> from hc32f460_interrupts.o(i.IRQ124_Handler) referenced from startup_hc32f460.o(RESET)
 <LI><a href="#[88]">IRQ125_Handler</a> from hc32f460_interrupts.o(i.IRQ125_Handler) referenced from startup_hc32f460.o(RESET)
 <LI><a href="#[89]">IRQ126_Handler</a> from hc32f460_interrupts.o(i.IRQ126_Handler) referenced from startup_hc32f460.o(RESET)
 <LI><a href="#[8a]">IRQ127_Handler</a> from hc32f460_interrupts.o(i.IRQ127_Handler) referenced from startup_hc32f460.o(RESET)
 <LI><a href="#[8b]">IRQ128_Handler</a> from startup_hc32f460.o(.text) referenced from startup_hc32f460.o(RESET)
 <LI><a href="#[8c]">IRQ129_Handler</a> from startup_hc32f460.o(.text) referenced from startup_hc32f460.o(RESET)
 <LI><a href="#[8d]">IRQ130_Handler</a> from startup_hc32f460.o(.text) referenced from startup_hc32f460.o(RESET)
 <LI><a href="#[8e]">IRQ131_Handler</a> from startup_hc32f460.o(.text) referenced from startup_hc32f460.o(RESET)
 <LI><a href="#[8f]">IRQ132_Handler</a> from startup_hc32f460.o(.text) referenced from startup_hc32f460.o(RESET)
 <LI><a href="#[90]">IRQ133_Handler</a> from startup_hc32f460.o(.text) referenced from startup_hc32f460.o(RESET)
 <LI><a href="#[91]">IRQ134_Handler</a> from startup_hc32f460.o(.text) referenced from startup_hc32f460.o(RESET)
 <LI><a href="#[92]">IRQ135_Handler</a> from startup_hc32f460.o(.text) referenced from startup_hc32f460.o(RESET)
 <LI><a href="#[93]">IRQ136_Handler</a> from startup_hc32f460.o(.text) referenced from startup_hc32f460.o(RESET)
 <LI><a href="#[94]">IRQ137_Handler</a> from startup_hc32f460.o(.text) referenced from startup_hc32f460.o(RESET)
 <LI><a href="#[95]">IRQ138_Handler</a> from startup_hc32f460.o(.text) referenced from startup_hc32f460.o(RESET)
 <LI><a href="#[96]">IRQ139_Handler</a> from startup_hc32f460.o(.text) referenced from startup_hc32f460.o(RESET)
 <LI><a href="#[97]">IRQ140_Handler</a> from startup_hc32f460.o(.text) referenced from startup_hc32f460.o(RESET)
 <LI><a href="#[98]">IRQ141_Handler</a> from startup_hc32f460.o(.text) referenced from startup_hc32f460.o(RESET)
 <LI><a href="#[99]">IRQ142_Handler</a> from startup_hc32f460.o(.text) referenced from startup_hc32f460.o(RESET)
 <LI><a href="#[9a]">IRQ143_Handler</a> from startup_hc32f460.o(.text) referenced from startup_hc32f460.o(RESET)
 <LI><a href="#[4]">MemManage_Handler</a> from hc32f460_interrupts.o(i.MemManage_Handler) referenced from startup_hc32f460.o(RESET)
 <LI><a href="#[2]">NMI_Handler</a> from hc32f460_interrupts.o(i.NMI_Handler) referenced from startup_hc32f460.o(RESET)
 <LI><a href="#[9]">PendSV_Handler</a> from hc32f460_interrupts.o(i.PendSV_Handler) referenced from startup_hc32f460.o(RESET)
 <LI><a href="#[9e]">PwmCoupleChIrqCallback</a> from ev_hc32f460_lqfp100_v2.o(i.PwmCoupleChIrqCallback) referenced from ev_hc32f460_lqfp100_v2.o(i.Timer4_Init)
 <LI><a href="#[1]">Reset_Handler</a> from startup_hc32f460.o(.text) referenced from startup_hc32f460.o(RESET)
 <LI><a href="#[7]">SVC_Handler</a> from hc32f460_interrupts.o(i.SVC_Handler) referenced from startup_hc32f460.o(RESET)
 <LI><a href="#[a]">SysTick_Handler</a> from hc32f460_interrupts.o(i.SysTick_Handler) referenced from startup_hc32f460.o(RESET)
 <LI><a href="#[9c]">SystemInit</a> from system_hc32f460.o(i.SystemInit) referenced from startup_hc32f460.o(.text)
 <LI><a href="#[9f]">Timer6_UnderFlow_CallBack</a> from ev_hc32f460_lqfp100_v2.o(i.Timer6_UnderFlow_CallBack) referenced from ev_hc32f460_lqfp100_v2.o(i.Timer6_Cfg)
 <LI><a href="#[6]">UsageFault_Handler</a> from hc32f460_interrupts.o(i.UsageFault_Handler) referenced from startup_hc32f460.o(RESET)
 <LI><a href="#[9d]">__main</a> from entry.o(.ARM.Collect$$$$00000000) referenced from startup_hc32f460.o(.text)
 <LI><a href="#[a1]">fputc</a> from hc32f460_utility.o(i.fputc) referenced from printfa.o(i.__0printf)
 <LI><a href="#[9b]">main</a> from main.o(i.main) referenced from entry9a.o(.ARM.Collect$$$$0000000B)
 <LI><a href="#[a6]">rf_antenna_close</a> from pan_port.o(i.rf_antenna_close) referenced from pan_port.o(.data)
 <LI><a href="#[a2]">rf_antenna_init</a> from pan_port.o(i.rf_antenna_init) referenced from pan_port.o(.data)
 <LI><a href="#[a5]">rf_antenna_rx</a> from pan_port.o(i.rf_antenna_rx) referenced from pan_port.o(.data)
 <LI><a href="#[a4]">rf_antenna_tx</a> from pan_port.o(i.rf_antenna_tx) referenced from pan_port.o(.data)
 <LI><a href="#[ab]">rf_delay_ms</a> from pan_port.o(i.rf_delay_ms) referenced from pan_port.o(.data)
 <LI><a href="#[ac]">rf_delay_us</a> from pan_port.o(i.rf_delay_us) referenced from pan_port.o(.data)
 <LI><a href="#[a7]">rf_tcxo_close</a> from pan_port.o(i.rf_tcxo_close) referenced from pan_port.o(.data)
 <LI><a href="#[a3]">rf_tcxo_init</a> from pan_port.o(i.rf_tcxo_init) referenced from pan_port.o(.data)
 <LI><a href="#[a9]">spi_cs_set_high</a> from pan_port.o(i.spi_cs_set_high) referenced from pan_port.o(.data)
 <LI><a href="#[aa]">spi_cs_set_low</a> from pan_port.o(i.spi_cs_set_low) referenced from pan_port.o(.data)
 <LI><a href="#[a8]">spi_readwritebyte</a> from pan_port.o(i.spi_readwritebyte) referenced from pan_port.o(.data)
</UL>
<P>
<H3>
Global Symbols
</H3>
<P><STRONG><a name="[9d]"></a>__main</STRONG> (Thumb, 0 bytes, Stack size 0 bytes, entry.o(.ARM.Collect$$$$00000000))
<BR>[Address Reference Count : 1]<UL><LI> startup_hc32f460.o(.text)
</UL>
<P><STRONG><a name="[b0]"></a>_main_scatterload</STRONG> (Thumb, 0 bytes, Stack size 0 bytes, entry5.o(.ARM.Collect$$$$00000004))
<BR><BR>[Calls]<UL><LI><a href="#[b1]">&gt;&gt;</a>&nbsp;&nbsp;&nbsp;__scatterload
</UL>

<P><STRONG><a name="[c7]"></a>__main_after_scatterload</STRONG> (Thumb, 0 bytes, Stack size 0 bytes, entry5.o(.ARM.Collect$$$$00000004))
<BR><BR>[Called By]<UL><LI><a href="#[b1]">&gt;&gt;</a>&nbsp;&nbsp;&nbsp;__scatterload
</UL>

<P><STRONG><a name="[1]"></a>Reset_Handler</STRONG> (Thumb, 48 bytes, Stack size 0 bytes, startup_hc32f460.o(.text))
<BR>[Address Reference Count : 1]<UL><LI> startup_hc32f460.o(RESET)
</UL>
<P><STRONG><a name="[8b]"></a>IRQ128_Handler</STRONG> (Thumb, 0 bytes, Stack size 0 bytes, startup_hc32f460.o(.text))
<BR><BR>[Calls]<UL><LI><a href="#[8b]">&gt;&gt;</a>&nbsp;&nbsp;&nbsp;IRQ128_Handler
</UL>
<BR>[Called By]<UL><LI><a href="#[8b]">&gt;&gt;</a>&nbsp;&nbsp;&nbsp;IRQ128_Handler
</UL>
<BR>[Address Reference Count : 1]<UL><LI> startup_hc32f460.o(RESET)
</UL>
<P><STRONG><a name="[8c]"></a>IRQ129_Handler</STRONG> (Thumb, 0 bytes, Stack size 0 bytes, startup_hc32f460.o(.text))
<BR>[Address Reference Count : 1]<UL><LI> startup_hc32f460.o(RESET)
</UL>
<P><STRONG><a name="[8d]"></a>IRQ130_Handler</STRONG> (Thumb, 0 bytes, Stack size 0 bytes, startup_hc32f460.o(.text))
<BR>[Address Reference Count : 1]<UL><LI> startup_hc32f460.o(RESET)
</UL>
<P><STRONG><a name="[8e]"></a>IRQ131_Handler</STRONG> (Thumb, 0 bytes, Stack size 0 bytes, startup_hc32f460.o(.text))
<BR>[Address Reference Count : 1]<UL><LI> startup_hc32f460.o(RESET)
</UL>
<P><STRONG><a name="[8f]"></a>IRQ132_Handler</STRONG> (Thumb, 0 bytes, Stack size 0 bytes, startup_hc32f460.o(.text))
<BR>[Address Reference Count : 1]<UL><LI> startup_hc32f460.o(RESET)
</UL>
<P><STRONG><a name="[90]"></a>IRQ133_Handler</STRONG> (Thumb, 0 bytes, Stack size 0 bytes, startup_hc32f460.o(.text))
<BR>[Address Reference Count : 1]<UL><LI> startup_hc32f460.o(RESET)
</UL>
<P><STRONG><a name="[91]"></a>IRQ134_Handler</STRONG> (Thumb, 0 bytes, Stack size 0 bytes, startup_hc32f460.o(.text))
<BR>[Address Reference Count : 1]<UL><LI> startup_hc32f460.o(RESET)
</UL>
<P><STRONG><a name="[92]"></a>IRQ135_Handler</STRONG> (Thumb, 0 bytes, Stack size 0 bytes, startup_hc32f460.o(.text))
<BR>[Address Reference Count : 1]<UL><LI> startup_hc32f460.o(RESET)
</UL>
<P><STRONG><a name="[93]"></a>IRQ136_Handler</STRONG> (Thumb, 0 bytes, Stack size 0 bytes, startup_hc32f460.o(.text))
<BR>[Address Reference Count : 1]<UL><LI> startup_hc32f460.o(RESET)
</UL>
<P><STRONG><a name="[94]"></a>IRQ137_Handler</STRONG> (Thumb, 0 bytes, Stack size 0 bytes, startup_hc32f460.o(.text))
<BR>[Address Reference Count : 1]<UL><LI> startup_hc32f460.o(RESET)
</UL>
<P><STRONG><a name="[95]"></a>IRQ138_Handler</STRONG> (Thumb, 0 bytes, Stack size 0 bytes, startup_hc32f460.o(.text))
<BR>[Address Reference Count : 1]<UL><LI> startup_hc32f460.o(RESET)
</UL>
<P><STRONG><a name="[96]"></a>IRQ139_Handler</STRONG> (Thumb, 0 bytes, Stack size 0 bytes, startup_hc32f460.o(.text))
<BR>[Address Reference Count : 1]<UL><LI> startup_hc32f460.o(RESET)
</UL>
<P><STRONG><a name="[97]"></a>IRQ140_Handler</STRONG> (Thumb, 0 bytes, Stack size 0 bytes, startup_hc32f460.o(.text))
<BR>[Address Reference Count : 1]<UL><LI> startup_hc32f460.o(RESET)
</UL>
<P><STRONG><a name="[98]"></a>IRQ141_Handler</STRONG> (Thumb, 0 bytes, Stack size 0 bytes, startup_hc32f460.o(.text))
<BR>[Address Reference Count : 1]<UL><LI> startup_hc32f460.o(RESET)
</UL>
<P><STRONG><a name="[99]"></a>IRQ142_Handler</STRONG> (Thumb, 0 bytes, Stack size 0 bytes, startup_hc32f460.o(.text))
<BR>[Address Reference Count : 1]<UL><LI> startup_hc32f460.o(RESET)
</UL>
<P><STRONG><a name="[9a]"></a>IRQ143_Handler</STRONG> (Thumb, 0 bytes, Stack size 0 bytes, startup_hc32f460.o(.text))
<BR>[Address Reference Count : 1]<UL><LI> startup_hc32f460.o(RESET)
</UL>
<P><STRONG><a name="[b2]"></a>__aeabi_uldivmod</STRONG> (Thumb, 98 bytes, Stack size 0 bytes, uldiv.o(.text))
<BR><BR>[Calls]<UL><LI><a href="#[b3]">&gt;&gt;</a>&nbsp;&nbsp;&nbsp;__aeabi_llsr
<LI><a href="#[b4]">&gt;&gt;</a>&nbsp;&nbsp;&nbsp;__aeabi_llsl
</UL>
<BR>[Called By]<UL><LI><a href="#[ec]">&gt;&gt;</a>&nbsp;&nbsp;&nbsp;SetUartBaudrate
<LI><a href="#[ed]">&gt;&gt;</a>&nbsp;&nbsp;&nbsp;SetUartBaudrate
<LI><a href="#[eb]">&gt;&gt;</a>&nbsp;&nbsp;&nbsp;SetScBaudrate
<LI><a href="#[e9]">&gt;&gt;</a>&nbsp;&nbsp;&nbsp;SetClkSyncBaudrate
<LI><a href="#[10b]">&gt;&gt;</a>&nbsp;&nbsp;&nbsp;_printf_core
<LI><a href="#[117]">&gt;&gt;</a>&nbsp;&nbsp;&nbsp;_fp_digits
</UL>

<P><STRONG><a name="[b6]"></a>__aeabi_memset</STRONG> (Thumb, 14 bytes, Stack size 0 bytes, memseta.o(.text), UNUSED)
<BR><BR>[Called By]<UL><LI><a href="#[b7]">&gt;&gt;</a>&nbsp;&nbsp;&nbsp;_memset$wrapper
<LI><a href="#[b5]">&gt;&gt;</a>&nbsp;&nbsp;&nbsp;__aeabi_memclr
</UL>

<P><STRONG><a name="[b5]"></a>__aeabi_memclr</STRONG> (Thumb, 4 bytes, Stack size 0 bytes, memseta.o(.text), UNUSED)
<BR><BR>[Calls]<UL><LI><a href="#[b6]">&gt;&gt;</a>&nbsp;&nbsp;&nbsp;__aeabi_memset
</UL>

<P><STRONG><a name="[c9]"></a>__aeabi_memclr4</STRONG> (Thumb, 0 bytes, Stack size 0 bytes, memseta.o(.text))
<BR><BR>[Called By]<UL><LI><a href="#[ee]">&gt;&gt;</a>&nbsp;&nbsp;&nbsp;Spi_Config
<LI><a href="#[c8]">&gt;&gt;</a>&nbsp;&nbsp;&nbsp;BSP_CLK_Init
<LI><a href="#[139]">&gt;&gt;</a>&nbsp;&nbsp;&nbsp;rf_ft_calibr
</UL>

<P><STRONG><a name="[b7]"></a>_memset$wrapper</STRONG> (Thumb, 18 bytes, Stack size 0 bytes, memseta.o(.text), UNUSED)
<BR><BR>[Calls]<UL><LI><a href="#[b6]">&gt;&gt;</a>&nbsp;&nbsp;&nbsp;__aeabi_memset
</UL>

<P><STRONG><a name="[b8]"></a>__aeabi_ui2d</STRONG> (Thumb, 26 bytes, Stack size 0 bytes, dfltui.o(.text))
<BR><BR>[Calls]<UL><LI><a href="#[b9]">&gt;&gt;</a>&nbsp;&nbsp;&nbsp;_double_epilogue
</UL>
<BR>[Called By]<UL><LI><a href="#[155]">&gt;&gt;</a>&nbsp;&nbsp;&nbsp;rf_set_freq
<LI><a href="#[144]">&gt;&gt;</a>&nbsp;&nbsp;&nbsp;rf_get_snr
</UL>

<P><STRONG><a name="[123]"></a>__aeabi_f2d</STRONG> (Thumb, 38 bytes, Stack size 0 bytes, f2d.o(.text))
<BR><BR>[Called By]<UL><LI><a href="#[9b]">&gt;&gt;</a>&nbsp;&nbsp;&nbsp;main
<LI><a href="#[145]">&gt;&gt;</a>&nbsp;&nbsp;&nbsp;rf_get_tx_time
</UL>

<P><STRONG><a name="[ba]"></a>__aeabi_d2f</STRONG> (Thumb, 56 bytes, Stack size 0 bytes, d2f.o(.text))
<BR><BR>[Calls]<UL><LI><a href="#[bb]">&gt;&gt;</a>&nbsp;&nbsp;&nbsp;_float_round
</UL>
<BR>[Called By]<UL><LI><a href="#[155]">&gt;&gt;</a>&nbsp;&nbsp;&nbsp;rf_set_freq
<LI><a href="#[145]">&gt;&gt;</a>&nbsp;&nbsp;&nbsp;rf_get_tx_time
<LI><a href="#[144]">&gt;&gt;</a>&nbsp;&nbsp;&nbsp;rf_get_snr
</UL>

<P><STRONG><a name="[bc]"></a>BSP_LED_Toggle</STRONG> (Thumb, 10 bytes, Stack size 0 bytes, ev_hc32f460_lqfp100_v2.o(i.BSP_LED_Toggle))
<BR><BR>[Calls]<UL><LI><a href="#[bd]">&gt;&gt;</a>&nbsp;&nbsp;&nbsp;PORT_Toggle
</UL>
<BR>[Called By]<UL><LI><a href="#[9b]">&gt;&gt;</a>&nbsp;&nbsp;&nbsp;main
</UL>

<P><STRONG><a name="[5]"></a>BusFault_Handler</STRONG> (Thumb, 8 bytes, Stack size 0 bytes, hc32f460_interrupts.o(i.BusFault_Handler))
<BR>[Address Reference Count : 1]<UL><LI> startup_hc32f460.o(RESET)
</UL>
<P><STRONG><a name="[be]"></a>__aeabi_dmul</STRONG> (Thumb, 228 bytes, Stack size 0 bytes, dmul.o(.text))
<BR><BR>[Calls]<UL><LI><a href="#[b9]">&gt;&gt;</a>&nbsp;&nbsp;&nbsp;_double_epilogue
</UL>
<BR>[Called By]<UL><LI><a href="#[115]">&gt;&gt;</a>&nbsp;&nbsp;&nbsp;__hardfp_log10
<LI><a href="#[155]">&gt;&gt;</a>&nbsp;&nbsp;&nbsp;rf_set_freq
<LI><a href="#[144]">&gt;&gt;</a>&nbsp;&nbsp;&nbsp;rf_get_snr
<LI><a href="#[114]">&gt;&gt;</a>&nbsp;&nbsp;&nbsp;__kernel_poly
<LI><a href="#[10e]">&gt;&gt;</a>&nbsp;&nbsp;&nbsp;__hardfp_log
<LI><a href="#[117]">&gt;&gt;</a>&nbsp;&nbsp;&nbsp;_fp_digits
</UL>

<P><STRONG><a name="[bf]"></a>__aeabi_ddiv</STRONG> (Thumb, 222 bytes, Stack size 0 bytes, ddiv.o(.text))
<BR><BR>[Calls]<UL><LI><a href="#[c0]">&gt;&gt;</a>&nbsp;&nbsp;&nbsp;_double_round
</UL>
<BR>[Called By]<UL><LI><a href="#[155]">&gt;&gt;</a>&nbsp;&nbsp;&nbsp;rf_set_freq
<LI><a href="#[10e]">&gt;&gt;</a>&nbsp;&nbsp;&nbsp;__hardfp_log
<LI><a href="#[111]">&gt;&gt;</a>&nbsp;&nbsp;&nbsp;__mathlib_dbl_invalid
<LI><a href="#[112]">&gt;&gt;</a>&nbsp;&nbsp;&nbsp;__mathlib_dbl_divzero
<LI><a href="#[117]">&gt;&gt;</a>&nbsp;&nbsp;&nbsp;_fp_digits
</UL>

<P><STRONG><a name="[11a]"></a>__aeabi_uidivmod</STRONG> (Thumb, 44 bytes, Stack size 0 bytes, uidiv.o(.text), UNUSED)
<BR><BR>[Called By]<UL><LI><a href="#[10b]">&gt;&gt;</a>&nbsp;&nbsp;&nbsp;_printf_core
</UL>

<P><STRONG><a name="[b4]"></a>__aeabi_llsl</STRONG> (Thumb, 30 bytes, Stack size 0 bytes, llshl.o(.text))
<BR><BR>[Called By]<UL><LI><a href="#[b2]">&gt;&gt;</a>&nbsp;&nbsp;&nbsp;__aeabi_uldivmod
<LI><a href="#[c1]">&gt;&gt;</a>&nbsp;&nbsp;&nbsp;__aeabi_dadd
<LI><a href="#[b9]">&gt;&gt;</a>&nbsp;&nbsp;&nbsp;_double_epilogue
<LI><a href="#[c6]">&gt;&gt;</a>&nbsp;&nbsp;&nbsp;__aeabi_d2ulz
</UL>

<P><STRONG><a name="[b3]"></a>__aeabi_llsr</STRONG> (Thumb, 32 bytes, Stack size 0 bytes, llushr.o(.text))
<BR><BR>[Called By]<UL><LI><a href="#[b2]">&gt;&gt;</a>&nbsp;&nbsp;&nbsp;__aeabi_uldivmod
<LI><a href="#[b9]">&gt;&gt;</a>&nbsp;&nbsp;&nbsp;_double_epilogue
<LI><a href="#[c6]">&gt;&gt;</a>&nbsp;&nbsp;&nbsp;__aeabi_d2ulz
</UL>

<P><STRONG><a name="[bb]"></a>_float_round</STRONG> (Thumb, 18 bytes, Stack size 0 bytes, fepilogue.o(.text))
<BR><BR>[Called By]<UL><LI><a href="#[ba]">&gt;&gt;</a>&nbsp;&nbsp;&nbsp;__aeabi_d2f
</UL>

<P><STRONG><a name="[c0]"></a>_double_round</STRONG> (Thumb, 30 bytes, Stack size 0 bytes, depilogue.o(.text))
<BR><BR>[Called By]<UL><LI><a href="#[c1]">&gt;&gt;</a>&nbsp;&nbsp;&nbsp;__aeabi_dadd
<LI><a href="#[bf]">&gt;&gt;</a>&nbsp;&nbsp;&nbsp;__aeabi_ddiv
<LI><a href="#[b9]">&gt;&gt;</a>&nbsp;&nbsp;&nbsp;_double_epilogue
</UL>

<P><STRONG><a name="[b9]"></a>_double_epilogue</STRONG> (Thumb, 156 bytes, Stack size 0 bytes, depilogue.o(.text))
<BR><BR>[Calls]<UL><LI><a href="#[b3]">&gt;&gt;</a>&nbsp;&nbsp;&nbsp;__aeabi_llsr
<LI><a href="#[b4]">&gt;&gt;</a>&nbsp;&nbsp;&nbsp;__aeabi_llsl
<LI><a href="#[c0]">&gt;&gt;</a>&nbsp;&nbsp;&nbsp;_double_round
</UL>
<BR>[Called By]<UL><LI><a href="#[c5]">&gt;&gt;</a>&nbsp;&nbsp;&nbsp;__aeabi_i2d
<LI><a href="#[c1]">&gt;&gt;</a>&nbsp;&nbsp;&nbsp;__aeabi_dadd
<LI><a href="#[b8]">&gt;&gt;</a>&nbsp;&nbsp;&nbsp;__aeabi_ui2d
<LI><a href="#[be]">&gt;&gt;</a>&nbsp;&nbsp;&nbsp;__aeabi_dmul
</UL>

<P><STRONG><a name="[c1]"></a>__aeabi_dadd</STRONG> (Thumb, 322 bytes, Stack size 0 bytes, dadd.o(.text))
<BR><BR>[Calls]<UL><LI><a href="#[c2]">&gt;&gt;</a>&nbsp;&nbsp;&nbsp;__aeabi_lasr
<LI><a href="#[b4]">&gt;&gt;</a>&nbsp;&nbsp;&nbsp;__aeabi_llsl
<LI><a href="#[c0]">&gt;&gt;</a>&nbsp;&nbsp;&nbsp;_double_round
<LI><a href="#[b9]">&gt;&gt;</a>&nbsp;&nbsp;&nbsp;_double_epilogue
</UL>
<BR>[Called By]<UL><LI><a href="#[115]">&gt;&gt;</a>&nbsp;&nbsp;&nbsp;__hardfp_log10
<LI><a href="#[c4]">&gt;&gt;</a>&nbsp;&nbsp;&nbsp;__aeabi_drsub
<LI><a href="#[10c]">&gt;&gt;</a>&nbsp;&nbsp;&nbsp;__hardfp_ceil
<LI><a href="#[114]">&gt;&gt;</a>&nbsp;&nbsp;&nbsp;__kernel_poly
<LI><a href="#[c3]">&gt;&gt;</a>&nbsp;&nbsp;&nbsp;__aeabi_dsub
<LI><a href="#[10e]">&gt;&gt;</a>&nbsp;&nbsp;&nbsp;__hardfp_log
<LI><a href="#[10f]">&gt;&gt;</a>&nbsp;&nbsp;&nbsp;__mathlib_dbl_infnan
<LI><a href="#[117]">&gt;&gt;</a>&nbsp;&nbsp;&nbsp;_fp_digits
</UL>

<P><STRONG><a name="[c3]"></a>__aeabi_dsub</STRONG> (Thumb, 6 bytes, Stack size 0 bytes, dadd.o(.text))
<BR><BR>[Calls]<UL><LI><a href="#[c1]">&gt;&gt;</a>&nbsp;&nbsp;&nbsp;__aeabi_dadd
</UL>
<BR>[Called By]<UL><LI><a href="#[10e]">&gt;&gt;</a>&nbsp;&nbsp;&nbsp;__hardfp_log
</UL>

<P><STRONG><a name="[c4]"></a>__aeabi_drsub</STRONG> (Thumb, 6 bytes, Stack size 0 bytes, dadd.o(.text))
<BR><BR>[Calls]<UL><LI><a href="#[c1]">&gt;&gt;</a>&nbsp;&nbsp;&nbsp;__aeabi_dadd
</UL>
<BR>[Called By]<UL><LI><a href="#[10c]">&gt;&gt;</a>&nbsp;&nbsp;&nbsp;__hardfp_ceil
<LI><a href="#[10e]">&gt;&gt;</a>&nbsp;&nbsp;&nbsp;__hardfp_log
</UL>

<P><STRONG><a name="[c5]"></a>__aeabi_i2d</STRONG> (Thumb, 34 bytes, Stack size 0 bytes, dflti.o(.text))
<BR><BR>[Calls]<UL><LI><a href="#[b9]">&gt;&gt;</a>&nbsp;&nbsp;&nbsp;_double_epilogue
</UL>
<BR>[Called By]<UL><LI><a href="#[115]">&gt;&gt;</a>&nbsp;&nbsp;&nbsp;__hardfp_log10
<LI><a href="#[10e]">&gt;&gt;</a>&nbsp;&nbsp;&nbsp;__hardfp_log
</UL>

<P><STRONG><a name="[c6]"></a>__aeabi_d2ulz</STRONG> (Thumb, 48 bytes, Stack size 0 bytes, dfixul.o(.text), UNUSED)
<BR><BR>[Calls]<UL><LI><a href="#[b3]">&gt;&gt;</a>&nbsp;&nbsp;&nbsp;__aeabi_llsr
<LI><a href="#[b4]">&gt;&gt;</a>&nbsp;&nbsp;&nbsp;__aeabi_llsl
</UL>
<BR>[Called By]<UL><LI><a href="#[117]">&gt;&gt;</a>&nbsp;&nbsp;&nbsp;_fp_digits
</UL>

<P><STRONG><a name="[10d]"></a>__aeabi_cdrcmple</STRONG> (Thumb, 48 bytes, Stack size 0 bytes, cdrcmple.o(.text))
<BR><BR>[Called By]<UL><LI><a href="#[10c]">&gt;&gt;</a>&nbsp;&nbsp;&nbsp;__hardfp_ceil
<LI><a href="#[117]">&gt;&gt;</a>&nbsp;&nbsp;&nbsp;_fp_digits
</UL>

<P><STRONG><a name="[b1]"></a>__scatterload</STRONG> (Thumb, 28 bytes, Stack size 0 bytes, init.o(.text))
<BR><BR>[Calls]<UL><LI><a href="#[c7]">&gt;&gt;</a>&nbsp;&nbsp;&nbsp;__main_after_scatterload
</UL>
<BR>[Called By]<UL><LI><a href="#[b0]">&gt;&gt;</a>&nbsp;&nbsp;&nbsp;_main_scatterload
</UL>

<P><STRONG><a name="[c2]"></a>__aeabi_lasr</STRONG> (Thumb, 36 bytes, Stack size 0 bytes, llsshr.o(.text))
<BR><BR>[Called By]<UL><LI><a href="#[c1]">&gt;&gt;</a>&nbsp;&nbsp;&nbsp;__aeabi_dadd
</UL>

<P><STRONG><a name="[113]"></a>__aeabi_cdcmpeq</STRONG> (Thumb, 0 bytes, Stack size 0 bytes, cdcmple.o(.text))
<BR><BR>[Called By]<UL><LI><a href="#[10e]">&gt;&gt;</a>&nbsp;&nbsp;&nbsp;__hardfp_log
</UL>

<P><STRONG><a name="[c8]"></a>BSP_CLK_Init</STRONG> (Thumb, 174 bytes, Stack size 0 bytes, ev_hc32f460_lqfp100_v2.o(i.BSP_CLK_Init))
<BR><BR>[Calls]<UL><LI><a href="#[cd]">&gt;&gt;</a>&nbsp;&nbsp;&nbsp;SRAM_Init
<LI><a href="#[d5]">&gt;&gt;</a>&nbsp;&nbsp;&nbsp;PWC_HS2HP
<LI><a href="#[ce]">&gt;&gt;</a>&nbsp;&nbsp;&nbsp;EFM_Unlock
<LI><a href="#[cf]">&gt;&gt;</a>&nbsp;&nbsp;&nbsp;EFM_SetLatency
<LI><a href="#[d0]">&gt;&gt;</a>&nbsp;&nbsp;&nbsp;EFM_Lock
<LI><a href="#[cb]">&gt;&gt;</a>&nbsp;&nbsp;&nbsp;CLK_XtalConfig
<LI><a href="#[cc]">&gt;&gt;</a>&nbsp;&nbsp;&nbsp;CLK_XtalCmd
<LI><a href="#[ca]">&gt;&gt;</a>&nbsp;&nbsp;&nbsp;CLK_SysClkConfig
<LI><a href="#[d6]">&gt;&gt;</a>&nbsp;&nbsp;&nbsp;CLK_SetSysClkSource
<LI><a href="#[d1]">&gt;&gt;</a>&nbsp;&nbsp;&nbsp;CLK_SetPllSource
<LI><a href="#[d2]">&gt;&gt;</a>&nbsp;&nbsp;&nbsp;CLK_MpllConfig
<LI><a href="#[d3]">&gt;&gt;</a>&nbsp;&nbsp;&nbsp;CLK_MpllCmd
<LI><a href="#[d4]">&gt;&gt;</a>&nbsp;&nbsp;&nbsp;CLK_GetFlagStatus
<LI><a href="#[c9]">&gt;&gt;</a>&nbsp;&nbsp;&nbsp;__aeabi_memclr4
</UL>
<BR>[Called By]<UL><LI><a href="#[108]">&gt;&gt;</a>&nbsp;&nbsp;&nbsp;Uart_Config
<LI><a href="#[9b]">&gt;&gt;</a>&nbsp;&nbsp;&nbsp;main
</UL>

<P><STRONG><a name="[d7]"></a>BSP_GPIO_Init</STRONG> (Thumb, 52 bytes, Stack size 0 bytes, ev_hc32f460_lqfp100_v2.o(i.BSP_GPIO_Init))
<BR><BR>[Calls]<UL><LI><a href="#[d9]">&gt;&gt;</a>&nbsp;&nbsp;&nbsp;PORT_SetBits
<LI><a href="#[d8]">&gt;&gt;</a>&nbsp;&nbsp;&nbsp;PORT_Init
</UL>
<BR>[Called By]<UL><LI><a href="#[9b]">&gt;&gt;</a>&nbsp;&nbsp;&nbsp;main
</UL>

<P><STRONG><a name="[da]"></a>BSP_LED_Init</STRONG> (Thumb, 44 bytes, Stack size 0 bytes, ev_hc32f460_lqfp100_v2.o(i.BSP_LED_Init))
<BR><BR>[Calls]<UL><LI><a href="#[d9]">&gt;&gt;</a>&nbsp;&nbsp;&nbsp;PORT_SetBits
<LI><a href="#[d8]">&gt;&gt;</a>&nbsp;&nbsp;&nbsp;PORT_Init
</UL>
<BR>[Called By]<UL><LI><a href="#[9b]">&gt;&gt;</a>&nbsp;&nbsp;&nbsp;main
</UL>

<P><STRONG><a name="[a0]"></a>BSP_PRINTF_PortInit</STRONG> (Thumb, 12 bytes, Stack size 0 bytes, ev_hc32f460_lqfp100_v2.o(i.BSP_PRINTF_PortInit))
<BR><BR>[Calls]<UL><LI><a href="#[db]">&gt;&gt;</a>&nbsp;&nbsp;&nbsp;PORT_SetFunc
</UL>
<BR>[Address Reference Count : 1]<UL><LI> ev_hc32f460_lqfp100_v2.o(i.Uart_Config)
</UL>
<P><STRONG><a name="[d4]"></a>CLK_GetFlagStatus</STRONG> (Thumb, 78 bytes, Stack size 0 bytes, hc32f460_clk.o(i.CLK_GetFlagStatus))
<BR><BR>[Calls]<UL><LI><a href="#[ad]">&gt;&gt;</a>&nbsp;&nbsp;&nbsp;Ddl_AssertHandler
</UL>
<BR>[Called By]<UL><LI><a href="#[cc]">&gt;&gt;</a>&nbsp;&nbsp;&nbsp;CLK_XtalCmd
<LI><a href="#[d3]">&gt;&gt;</a>&nbsp;&nbsp;&nbsp;CLK_MpllCmd
<LI><a href="#[c8]">&gt;&gt;</a>&nbsp;&nbsp;&nbsp;BSP_CLK_Init
</UL>

<P><STRONG><a name="[d3]"></a>CLK_MpllCmd</STRONG> (Thumb, 132 bytes, Stack size 0 bytes, hc32f460_clk.o(i.CLK_MpllCmd))
<BR><BR>[Calls]<UL><LI><a href="#[ad]">&gt;&gt;</a>&nbsp;&nbsp;&nbsp;Ddl_AssertHandler
<LI><a href="#[d4]">&gt;&gt;</a>&nbsp;&nbsp;&nbsp;CLK_GetFlagStatus
</UL>
<BR>[Called By]<UL><LI><a href="#[c8]">&gt;&gt;</a>&nbsp;&nbsp;&nbsp;BSP_CLK_Init
</UL>

<P><STRONG><a name="[d2]"></a>CLK_MpllConfig</STRONG> (Thumb, 284 bytes, Stack size 0 bytes, hc32f460_clk.o(i.CLK_MpllConfig))
<BR><BR>[Calls]<UL><LI><a href="#[ad]">&gt;&gt;</a>&nbsp;&nbsp;&nbsp;Ddl_AssertHandler
</UL>
<BR>[Called By]<UL><LI><a href="#[c8]">&gt;&gt;</a>&nbsp;&nbsp;&nbsp;BSP_CLK_Init
</UL>

<P><STRONG><a name="[d1]"></a>CLK_SetPllSource</STRONG> (Thumb, 66 bytes, Stack size 0 bytes, hc32f460_clk.o(i.CLK_SetPllSource))
<BR><BR>[Calls]<UL><LI><a href="#[ad]">&gt;&gt;</a>&nbsp;&nbsp;&nbsp;Ddl_AssertHandler
</UL>
<BR>[Called By]<UL><LI><a href="#[c8]">&gt;&gt;</a>&nbsp;&nbsp;&nbsp;BSP_CLK_Init
</UL>

<P><STRONG><a name="[d6]"></a>CLK_SetSysClkSource</STRONG> (Thumb, 190 bytes, Stack size 0 bytes, hc32f460_clk.o(i.CLK_SetSysClkSource))
<BR><BR>[Calls]<UL><LI><a href="#[ad]">&gt;&gt;</a>&nbsp;&nbsp;&nbsp;Ddl_AssertHandler
<LI><a href="#[dc]">&gt;&gt;</a>&nbsp;&nbsp;&nbsp;SystemCoreClockUpdate
</UL>
<BR>[Called By]<UL><LI><a href="#[c8]">&gt;&gt;</a>&nbsp;&nbsp;&nbsp;BSP_CLK_Init
</UL>

<P><STRONG><a name="[ca]"></a>CLK_SysClkConfig</STRONG> (Thumb, 272 bytes, Stack size 0 bytes, hc32f460_clk.o(i.CLK_SysClkConfig))
<BR><BR>[Calls]<UL><LI><a href="#[ad]">&gt;&gt;</a>&nbsp;&nbsp;&nbsp;Ddl_AssertHandler
</UL>
<BR>[Called By]<UL><LI><a href="#[c8]">&gt;&gt;</a>&nbsp;&nbsp;&nbsp;BSP_CLK_Init
</UL>

<P><STRONG><a name="[cc]"></a>CLK_XtalCmd</STRONG> (Thumb, 158 bytes, Stack size 0 bytes, hc32f460_clk.o(i.CLK_XtalCmd))
<BR><BR>[Calls]<UL><LI><a href="#[ad]">&gt;&gt;</a>&nbsp;&nbsp;&nbsp;Ddl_AssertHandler
<LI><a href="#[d4]">&gt;&gt;</a>&nbsp;&nbsp;&nbsp;CLK_GetFlagStatus
</UL>
<BR>[Called By]<UL><LI><a href="#[c8]">&gt;&gt;</a>&nbsp;&nbsp;&nbsp;BSP_CLK_Init
</UL>

<P><STRONG><a name="[cb]"></a>CLK_XtalConfig</STRONG> (Thumb, 72 bytes, Stack size 0 bytes, hc32f460_clk.o(i.CLK_XtalConfig))
<BR><BR>[Called By]<UL><LI><a href="#[c8]">&gt;&gt;</a>&nbsp;&nbsp;&nbsp;BSP_CLK_Init
</UL>

<P><STRONG><a name="[ad]"></a>Ddl_AssertHandler</STRONG> (Thumb, 14 bytes, Stack size 0 bytes, hc32f460_utility.o(i.Ddl_AssertHandler))
<BR><BR>[Calls]<UL><LI><a href="#[dd]">&gt;&gt;</a>&nbsp;&nbsp;&nbsp;__2printf
</UL>
<BR>[Called By]<UL><LI><a href="#[e8]">&gt;&gt;</a>&nbsp;&nbsp;&nbsp;SPI_ReceiveData8
<LI><a href="#[e6]">&gt;&gt;</a>&nbsp;&nbsp;&nbsp;SPI_GetFlag
<LI><a href="#[ae]">&gt;&gt;</a>&nbsp;&nbsp;&nbsp;NMI_IrqHandler
<LI><a href="#[f7]">&gt;&gt;</a>&nbsp;&nbsp;&nbsp;enIrqRegistration
<LI><a href="#[107]">&gt;&gt;</a>&nbsp;&nbsp;&nbsp;USART_UART_Init
<LI><a href="#[fe]">&gt;&gt;</a>&nbsp;&nbsp;&nbsp;Timer6_SetPeriod
<LI><a href="#[ff]">&gt;&gt;</a>&nbsp;&nbsp;&nbsp;Timer6_SetGeneralCmpValue
<LI><a href="#[100]">&gt;&gt;</a>&nbsp;&nbsp;&nbsp;Timer6_SetGeneralBuf
<LI><a href="#[102]">&gt;&gt;</a>&nbsp;&nbsp;&nbsp;Timer6_SetDeadTimeValue
<LI><a href="#[101]">&gt;&gt;</a>&nbsp;&nbsp;&nbsp;Timer6_PortOutputConfig
<LI><a href="#[fd]">&gt;&gt;</a>&nbsp;&nbsp;&nbsp;Timer6_Init
<LI><a href="#[104]">&gt;&gt;</a>&nbsp;&nbsp;&nbsp;Timer6_ConfigIrq
<LI><a href="#[103]">&gt;&gt;</a>&nbsp;&nbsp;&nbsp;Timer6_ConfigDeadTime
<LI><a href="#[f5]">&gt;&gt;</a>&nbsp;&nbsp;&nbsp;TIMER4_PWM_SetFilterCountValue
<LI><a href="#[f4]">&gt;&gt;</a>&nbsp;&nbsp;&nbsp;TIMER4_PWM_Init
<LI><a href="#[e3]">&gt;&gt;</a>&nbsp;&nbsp;&nbsp;TIMER4_PWM_ClearIrqFlag
<LI><a href="#[cd]">&gt;&gt;</a>&nbsp;&nbsp;&nbsp;SRAM_Init
<LI><a href="#[e7]">&gt;&gt;</a>&nbsp;&nbsp;&nbsp;SPI_Init
<LI><a href="#[e5]">&gt;&gt;</a>&nbsp;&nbsp;&nbsp;SPI_Cmd
<LI><a href="#[e1]">&gt;&gt;</a>&nbsp;&nbsp;&nbsp;PWC_Fcg2PeriphClockCmd
<LI><a href="#[e0]">&gt;&gt;</a>&nbsp;&nbsp;&nbsp;PWC_Fcg1PeriphClockCmd
<LI><a href="#[bd]">&gt;&gt;</a>&nbsp;&nbsp;&nbsp;PORT_Toggle
<LI><a href="#[db]">&gt;&gt;</a>&nbsp;&nbsp;&nbsp;PORT_SetFunc
<LI><a href="#[d9]">&gt;&gt;</a>&nbsp;&nbsp;&nbsp;PORT_SetBits
<LI><a href="#[d8]">&gt;&gt;</a>&nbsp;&nbsp;&nbsp;PORT_Init
<LI><a href="#[cf]">&gt;&gt;</a>&nbsp;&nbsp;&nbsp;EFM_SetLatency
<LI><a href="#[cc]">&gt;&gt;</a>&nbsp;&nbsp;&nbsp;CLK_XtalCmd
<LI><a href="#[ca]">&gt;&gt;</a>&nbsp;&nbsp;&nbsp;CLK_SysClkConfig
<LI><a href="#[d6]">&gt;&gt;</a>&nbsp;&nbsp;&nbsp;CLK_SetSysClkSource
<LI><a href="#[d1]">&gt;&gt;</a>&nbsp;&nbsp;&nbsp;CLK_SetPllSource
<LI><a href="#[d2]">&gt;&gt;</a>&nbsp;&nbsp;&nbsp;CLK_MpllConfig
<LI><a href="#[d3]">&gt;&gt;</a>&nbsp;&nbsp;&nbsp;CLK_MpllCmd
<LI><a href="#[d4]">&gt;&gt;</a>&nbsp;&nbsp;&nbsp;CLK_GetFlagStatus
<LI><a href="#[ea]">&gt;&gt;</a>&nbsp;&nbsp;&nbsp;UsartGetClk
<LI><a href="#[df]">&gt;&gt;</a>&nbsp;&nbsp;&nbsp;PORT_ResetBits
<LI><a href="#[de]">&gt;&gt;</a>&nbsp;&nbsp;&nbsp;PORT_GetBit
</UL>

<P><STRONG><a name="[e2]"></a>Ddl_Delay1ms</STRONG> (Thumb, 32 bytes, Stack size 0 bytes, hc32f460_utility.o(i.Ddl_Delay1ms))
<BR><BR>[Called By]<UL><LI><a href="#[d5]">&gt;&gt;</a>&nbsp;&nbsp;&nbsp;PWC_HS2HP
</UL>

<P><STRONG><a name="[8]"></a>DebugMon_Handler</STRONG> (Thumb, 8 bytes, Stack size 0 bytes, hc32f460_interrupts.o(i.DebugMon_Handler))
<BR>[Address Reference Count : 1]<UL><LI> startup_hc32f460.o(RESET)
</UL>
<P><STRONG><a name="[d0]"></a>EFM_Lock</STRONG> (Thumb, 18 bytes, Stack size 0 bytes, hc32f460_efm.o(i.EFM_Lock))
<BR><BR>[Called By]<UL><LI><a href="#[c8]">&gt;&gt;</a>&nbsp;&nbsp;&nbsp;BSP_CLK_Init
</UL>

<P><STRONG><a name="[cf]"></a>EFM_SetLatency</STRONG> (Thumb, 86 bytes, Stack size 0 bytes, hc32f460_efm.o(i.EFM_SetLatency))
<BR><BR>[Calls]<UL><LI><a href="#[ad]">&gt;&gt;</a>&nbsp;&nbsp;&nbsp;Ddl_AssertHandler
</UL>
<BR>[Called By]<UL><LI><a href="#[c8]">&gt;&gt;</a>&nbsp;&nbsp;&nbsp;BSP_CLK_Init
</UL>

<P><STRONG><a name="[ce]"></a>EFM_Unlock</STRONG> (Thumb, 16 bytes, Stack size 0 bytes, hc32f460_efm.o(i.EFM_Unlock))
<BR><BR>[Called By]<UL><LI><a href="#[c8]">&gt;&gt;</a>&nbsp;&nbsp;&nbsp;BSP_CLK_Init
</UL>

<P><STRONG><a name="[3]"></a>HardFault_Handler</STRONG> (Thumb, 8 bytes, Stack size 0 bytes, hc32f460_interrupts.o(i.HardFault_Handler))
<BR>[Address Reference Count : 1]<UL><LI> startup_hc32f460.o(RESET)
</UL>
<P><STRONG><a name="[b]"></a>IRQ000_Handler</STRONG> (Thumb, 12 bytes, Stack size 0 bytes, hc32f460_interrupts.o(i.IRQ000_Handler))
<BR>[Address Reference Count : 1]<UL><LI> startup_hc32f460.o(RESET)
</UL>
<P><STRONG><a name="[c]"></a>IRQ001_Handler</STRONG> (Thumb, 12 bytes, Stack size 0 bytes, hc32f460_interrupts.o(i.IRQ001_Handler))
<BR>[Address Reference Count : 1]<UL><LI> startup_hc32f460.o(RESET)
</UL>
<P><STRONG><a name="[d]"></a>IRQ002_Handler</STRONG> (Thumb, 12 bytes, Stack size 0 bytes, hc32f460_interrupts.o(i.IRQ002_Handler))
<BR>[Address Reference Count : 1]<UL><LI> startup_hc32f460.o(RESET)
</UL>
<P><STRONG><a name="[e]"></a>IRQ003_Handler</STRONG> (Thumb, 12 bytes, Stack size 0 bytes, hc32f460_interrupts.o(i.IRQ003_Handler))
<BR>[Address Reference Count : 1]<UL><LI> startup_hc32f460.o(RESET)
</UL>
<P><STRONG><a name="[f]"></a>IRQ004_Handler</STRONG> (Thumb, 12 bytes, Stack size 0 bytes, hc32f460_interrupts.o(i.IRQ004_Handler))
<BR>[Address Reference Count : 1]<UL><LI> startup_hc32f460.o(RESET)
</UL>
<P><STRONG><a name="[10]"></a>IRQ005_Handler</STRONG> (Thumb, 12 bytes, Stack size 0 bytes, hc32f460_interrupts.o(i.IRQ005_Handler))
<BR>[Address Reference Count : 1]<UL><LI> startup_hc32f460.o(RESET)
</UL>
<P><STRONG><a name="[11]"></a>IRQ006_Handler</STRONG> (Thumb, 12 bytes, Stack size 0 bytes, hc32f460_interrupts.o(i.IRQ006_Handler))
<BR>[Address Reference Count : 1]<UL><LI> startup_hc32f460.o(RESET)
</UL>
<P><STRONG><a name="[12]"></a>IRQ007_Handler</STRONG> (Thumb, 12 bytes, Stack size 0 bytes, hc32f460_interrupts.o(i.IRQ007_Handler))
<BR>[Address Reference Count : 1]<UL><LI> startup_hc32f460.o(RESET)
</UL>
<P><STRONG><a name="[13]"></a>IRQ008_Handler</STRONG> (Thumb, 12 bytes, Stack size 0 bytes, hc32f460_interrupts.o(i.IRQ008_Handler))
<BR>[Address Reference Count : 1]<UL><LI> startup_hc32f460.o(RESET)
</UL>
<P><STRONG><a name="[14]"></a>IRQ009_Handler</STRONG> (Thumb, 12 bytes, Stack size 0 bytes, hc32f460_interrupts.o(i.IRQ009_Handler))
<BR>[Address Reference Count : 1]<UL><LI> startup_hc32f460.o(RESET)
</UL>
<P><STRONG><a name="[15]"></a>IRQ010_Handler</STRONG> (Thumb, 12 bytes, Stack size 0 bytes, hc32f460_interrupts.o(i.IRQ010_Handler))
<BR>[Address Reference Count : 1]<UL><LI> startup_hc32f460.o(RESET)
</UL>
<P><STRONG><a name="[16]"></a>IRQ011_Handler</STRONG> (Thumb, 12 bytes, Stack size 0 bytes, hc32f460_interrupts.o(i.IRQ011_Handler))
<BR>[Address Reference Count : 1]<UL><LI> startup_hc32f460.o(RESET)
</UL>
<P><STRONG><a name="[17]"></a>IRQ012_Handler</STRONG> (Thumb, 12 bytes, Stack size 0 bytes, hc32f460_interrupts.o(i.IRQ012_Handler))
<BR>[Address Reference Count : 1]<UL><LI> startup_hc32f460.o(RESET)
</UL>
<P><STRONG><a name="[18]"></a>IRQ013_Handler</STRONG> (Thumb, 12 bytes, Stack size 0 bytes, hc32f460_interrupts.o(i.IRQ013_Handler))
<BR>[Address Reference Count : 1]<UL><LI> startup_hc32f460.o(RESET)
</UL>
<P><STRONG><a name="[19]"></a>IRQ014_Handler</STRONG> (Thumb, 12 bytes, Stack size 0 bytes, hc32f460_interrupts.o(i.IRQ014_Handler))
<BR>[Address Reference Count : 1]<UL><LI> startup_hc32f460.o(RESET)
</UL>
<P><STRONG><a name="[1a]"></a>IRQ015_Handler</STRONG> (Thumb, 12 bytes, Stack size 0 bytes, hc32f460_interrupts.o(i.IRQ015_Handler))
<BR>[Address Reference Count : 1]<UL><LI> startup_hc32f460.o(RESET)
</UL>
<P><STRONG><a name="[1b]"></a>IRQ016_Handler</STRONG> (Thumb, 12 bytes, Stack size 0 bytes, hc32f460_interrupts.o(i.IRQ016_Handler))
<BR>[Address Reference Count : 1]<UL><LI> startup_hc32f460.o(RESET)
</UL>
<P><STRONG><a name="[1c]"></a>IRQ017_Handler</STRONG> (Thumb, 12 bytes, Stack size 0 bytes, hc32f460_interrupts.o(i.IRQ017_Handler))
<BR>[Address Reference Count : 1]<UL><LI> startup_hc32f460.o(RESET)
</UL>
<P><STRONG><a name="[1d]"></a>IRQ018_Handler</STRONG> (Thumb, 12 bytes, Stack size 0 bytes, hc32f460_interrupts.o(i.IRQ018_Handler))
<BR>[Address Reference Count : 1]<UL><LI> startup_hc32f460.o(RESET)
</UL>
<P><STRONG><a name="[1e]"></a>IRQ019_Handler</STRONG> (Thumb, 12 bytes, Stack size 0 bytes, hc32f460_interrupts.o(i.IRQ019_Handler))
<BR>[Address Reference Count : 1]<UL><LI> startup_hc32f460.o(RESET)
</UL>
<P><STRONG><a name="[1f]"></a>IRQ020_Handler</STRONG> (Thumb, 12 bytes, Stack size 0 bytes, hc32f460_interrupts.o(i.IRQ020_Handler))
<BR>[Address Reference Count : 1]<UL><LI> startup_hc32f460.o(RESET)
</UL>
<P><STRONG><a name="[20]"></a>IRQ021_Handler</STRONG> (Thumb, 12 bytes, Stack size 0 bytes, hc32f460_interrupts.o(i.IRQ021_Handler))
<BR>[Address Reference Count : 1]<UL><LI> startup_hc32f460.o(RESET)
</UL>
<P><STRONG><a name="[21]"></a>IRQ022_Handler</STRONG> (Thumb, 12 bytes, Stack size 0 bytes, hc32f460_interrupts.o(i.IRQ022_Handler))
<BR>[Address Reference Count : 1]<UL><LI> startup_hc32f460.o(RESET)
</UL>
<P><STRONG><a name="[22]"></a>IRQ023_Handler</STRONG> (Thumb, 12 bytes, Stack size 0 bytes, hc32f460_interrupts.o(i.IRQ023_Handler))
<BR>[Address Reference Count : 1]<UL><LI> startup_hc32f460.o(RESET)
</UL>
<P><STRONG><a name="[23]"></a>IRQ024_Handler</STRONG> (Thumb, 12 bytes, Stack size 0 bytes, hc32f460_interrupts.o(i.IRQ024_Handler))
<BR>[Address Reference Count : 1]<UL><LI> startup_hc32f460.o(RESET)
</UL>
<P><STRONG><a name="[24]"></a>IRQ025_Handler</STRONG> (Thumb, 12 bytes, Stack size 0 bytes, hc32f460_interrupts.o(i.IRQ025_Handler))
<BR>[Address Reference Count : 1]<UL><LI> startup_hc32f460.o(RESET)
</UL>
<P><STRONG><a name="[25]"></a>IRQ026_Handler</STRONG> (Thumb, 12 bytes, Stack size 0 bytes, hc32f460_interrupts.o(i.IRQ026_Handler))
<BR>[Address Reference Count : 1]<UL><LI> startup_hc32f460.o(RESET)
</UL>
<P><STRONG><a name="[26]"></a>IRQ027_Handler</STRONG> (Thumb, 12 bytes, Stack size 0 bytes, hc32f460_interrupts.o(i.IRQ027_Handler))
<BR>[Address Reference Count : 1]<UL><LI> startup_hc32f460.o(RESET)
</UL>
<P><STRONG><a name="[27]"></a>IRQ028_Handler</STRONG> (Thumb, 12 bytes, Stack size 0 bytes, hc32f460_interrupts.o(i.IRQ028_Handler))
<BR>[Address Reference Count : 1]<UL><LI> startup_hc32f460.o(RESET)
</UL>
<P><STRONG><a name="[28]"></a>IRQ029_Handler</STRONG> (Thumb, 12 bytes, Stack size 0 bytes, hc32f460_interrupts.o(i.IRQ029_Handler))
<BR>[Address Reference Count : 1]<UL><LI> startup_hc32f460.o(RESET)
</UL>
<P><STRONG><a name="[29]"></a>IRQ030_Handler</STRONG> (Thumb, 12 bytes, Stack size 0 bytes, hc32f460_interrupts.o(i.IRQ030_Handler))
<BR>[Address Reference Count : 1]<UL><LI> startup_hc32f460.o(RESET)
</UL>
<P><STRONG><a name="[2a]"></a>IRQ031_Handler</STRONG> (Thumb, 12 bytes, Stack size 0 bytes, hc32f460_interrupts.o(i.IRQ031_Handler))
<BR>[Address Reference Count : 1]<UL><LI> startup_hc32f460.o(RESET)
</UL>
<P><STRONG><a name="[2b]"></a>IRQ032_Handler</STRONG> (Thumb, 14 bytes, Stack size 0 bytes, hc32f460_interrupts.o(i.IRQ032_Handler))
<BR>[Address Reference Count : 1]<UL><LI> startup_hc32f460.o(RESET)
</UL>
<P><STRONG><a name="[2c]"></a>IRQ033_Handler</STRONG> (Thumb, 14 bytes, Stack size 0 bytes, hc32f460_interrupts.o(i.IRQ033_Handler))
<BR>[Address Reference Count : 1]<UL><LI> startup_hc32f460.o(RESET)
</UL>
<P><STRONG><a name="[2d]"></a>IRQ034_Handler</STRONG> (Thumb, 14 bytes, Stack size 0 bytes, hc32f460_interrupts.o(i.IRQ034_Handler))
<BR>[Address Reference Count : 1]<UL><LI> startup_hc32f460.o(RESET)
</UL>
<P><STRONG><a name="[2e]"></a>IRQ035_Handler</STRONG> (Thumb, 14 bytes, Stack size 0 bytes, hc32f460_interrupts.o(i.IRQ035_Handler))
<BR>[Address Reference Count : 1]<UL><LI> startup_hc32f460.o(RESET)
</UL>
<P><STRONG><a name="[2f]"></a>IRQ036_Handler</STRONG> (Thumb, 14 bytes, Stack size 0 bytes, hc32f460_interrupts.o(i.IRQ036_Handler))
<BR>[Address Reference Count : 1]<UL><LI> startup_hc32f460.o(RESET)
</UL>
<P><STRONG><a name="[30]"></a>IRQ037_Handler</STRONG> (Thumb, 14 bytes, Stack size 0 bytes, hc32f460_interrupts.o(i.IRQ037_Handler))
<BR>[Address Reference Count : 1]<UL><LI> startup_hc32f460.o(RESET)
</UL>
<P><STRONG><a name="[31]"></a>IRQ038_Handler</STRONG> (Thumb, 14 bytes, Stack size 0 bytes, hc32f460_interrupts.o(i.IRQ038_Handler))
<BR>[Address Reference Count : 1]<UL><LI> startup_hc32f460.o(RESET)
</UL>
<P><STRONG><a name="[32]"></a>IRQ039_Handler</STRONG> (Thumb, 14 bytes, Stack size 0 bytes, hc32f460_interrupts.o(i.IRQ039_Handler))
<BR>[Address Reference Count : 1]<UL><LI> startup_hc32f460.o(RESET)
</UL>
<P><STRONG><a name="[33]"></a>IRQ040_Handler</STRONG> (Thumb, 14 bytes, Stack size 0 bytes, hc32f460_interrupts.o(i.IRQ040_Handler))
<BR>[Address Reference Count : 1]<UL><LI> startup_hc32f460.o(RESET)
</UL>
<P><STRONG><a name="[34]"></a>IRQ041_Handler</STRONG> (Thumb, 14 bytes, Stack size 0 bytes, hc32f460_interrupts.o(i.IRQ041_Handler))
<BR>[Address Reference Count : 1]<UL><LI> startup_hc32f460.o(RESET)
</UL>
<P><STRONG><a name="[35]"></a>IRQ042_Handler</STRONG> (Thumb, 14 bytes, Stack size 0 bytes, hc32f460_interrupts.o(i.IRQ042_Handler))
<BR>[Address Reference Count : 1]<UL><LI> startup_hc32f460.o(RESET)
</UL>
<P><STRONG><a name="[36]"></a>IRQ043_Handler</STRONG> (Thumb, 14 bytes, Stack size 0 bytes, hc32f460_interrupts.o(i.IRQ043_Handler))
<BR>[Address Reference Count : 1]<UL><LI> startup_hc32f460.o(RESET)
</UL>
<P><STRONG><a name="[37]"></a>IRQ044_Handler</STRONG> (Thumb, 14 bytes, Stack size 0 bytes, hc32f460_interrupts.o(i.IRQ044_Handler))
<BR>[Address Reference Count : 1]<UL><LI> startup_hc32f460.o(RESET)
</UL>
<P><STRONG><a name="[38]"></a>IRQ045_Handler</STRONG> (Thumb, 14 bytes, Stack size 0 bytes, hc32f460_interrupts.o(i.IRQ045_Handler))
<BR>[Address Reference Count : 1]<UL><LI> startup_hc32f460.o(RESET)
</UL>
<P><STRONG><a name="[39]"></a>IRQ046_Handler</STRONG> (Thumb, 14 bytes, Stack size 0 bytes, hc32f460_interrupts.o(i.IRQ046_Handler))
<BR>[Address Reference Count : 1]<UL><LI> startup_hc32f460.o(RESET)
</UL>
<P><STRONG><a name="[3a]"></a>IRQ047_Handler</STRONG> (Thumb, 14 bytes, Stack size 0 bytes, hc32f460_interrupts.o(i.IRQ047_Handler))
<BR>[Address Reference Count : 1]<UL><LI> startup_hc32f460.o(RESET)
</UL>
<P><STRONG><a name="[3b]"></a>IRQ048_Handler</STRONG> (Thumb, 14 bytes, Stack size 0 bytes, hc32f460_interrupts.o(i.IRQ048_Handler))
<BR>[Address Reference Count : 1]<UL><LI> startup_hc32f460.o(RESET)
</UL>
<P><STRONG><a name="[3c]"></a>IRQ049_Handler</STRONG> (Thumb, 14 bytes, Stack size 0 bytes, hc32f460_interrupts.o(i.IRQ049_Handler))
<BR>[Address Reference Count : 1]<UL><LI> startup_hc32f460.o(RESET)
</UL>
<P><STRONG><a name="[3d]"></a>IRQ050_Handler</STRONG> (Thumb, 14 bytes, Stack size 0 bytes, hc32f460_interrupts.o(i.IRQ050_Handler))
<BR>[Address Reference Count : 1]<UL><LI> startup_hc32f460.o(RESET)
</UL>
<P><STRONG><a name="[3e]"></a>IRQ051_Handler</STRONG> (Thumb, 14 bytes, Stack size 0 bytes, hc32f460_interrupts.o(i.IRQ051_Handler))
<BR>[Address Reference Count : 1]<UL><LI> startup_hc32f460.o(RESET)
</UL>
<P><STRONG><a name="[3f]"></a>IRQ052_Handler</STRONG> (Thumb, 14 bytes, Stack size 0 bytes, hc32f460_interrupts.o(i.IRQ052_Handler))
<BR>[Address Reference Count : 1]<UL><LI> startup_hc32f460.o(RESET)
</UL>
<P><STRONG><a name="[40]"></a>IRQ053_Handler</STRONG> (Thumb, 14 bytes, Stack size 0 bytes, hc32f460_interrupts.o(i.IRQ053_Handler))
<BR>[Address Reference Count : 1]<UL><LI> startup_hc32f460.o(RESET)
</UL>
<P><STRONG><a name="[41]"></a>IRQ054_Handler</STRONG> (Thumb, 14 bytes, Stack size 0 bytes, hc32f460_interrupts.o(i.IRQ054_Handler))
<BR>[Address Reference Count : 1]<UL><LI> startup_hc32f460.o(RESET)
</UL>
<P><STRONG><a name="[42]"></a>IRQ055_Handler</STRONG> (Thumb, 14 bytes, Stack size 0 bytes, hc32f460_interrupts.o(i.IRQ055_Handler))
<BR>[Address Reference Count : 1]<UL><LI> startup_hc32f460.o(RESET)
</UL>
<P><STRONG><a name="[43]"></a>IRQ056_Handler</STRONG> (Thumb, 14 bytes, Stack size 0 bytes, hc32f460_interrupts.o(i.IRQ056_Handler))
<BR>[Address Reference Count : 1]<UL><LI> startup_hc32f460.o(RESET)
</UL>
<P><STRONG><a name="[44]"></a>IRQ057_Handler</STRONG> (Thumb, 14 bytes, Stack size 0 bytes, hc32f460_interrupts.o(i.IRQ057_Handler))
<BR>[Address Reference Count : 1]<UL><LI> startup_hc32f460.o(RESET)
</UL>
<P><STRONG><a name="[45]"></a>IRQ058_Handler</STRONG> (Thumb, 14 bytes, Stack size 0 bytes, hc32f460_interrupts.o(i.IRQ058_Handler))
<BR>[Address Reference Count : 1]<UL><LI> startup_hc32f460.o(RESET)
</UL>
<P><STRONG><a name="[46]"></a>IRQ059_Handler</STRONG> (Thumb, 14 bytes, Stack size 0 bytes, hc32f460_interrupts.o(i.IRQ059_Handler))
<BR>[Address Reference Count : 1]<UL><LI> startup_hc32f460.o(RESET)
</UL>
<P><STRONG><a name="[47]"></a>IRQ060_Handler</STRONG> (Thumb, 14 bytes, Stack size 0 bytes, hc32f460_interrupts.o(i.IRQ060_Handler))
<BR>[Address Reference Count : 1]<UL><LI> startup_hc32f460.o(RESET)
</UL>
<P><STRONG><a name="[48]"></a>IRQ061_Handler</STRONG> (Thumb, 14 bytes, Stack size 0 bytes, hc32f460_interrupts.o(i.IRQ061_Handler))
<BR>[Address Reference Count : 1]<UL><LI> startup_hc32f460.o(RESET)
</UL>
<P><STRONG><a name="[49]"></a>IRQ062_Handler</STRONG> (Thumb, 14 bytes, Stack size 0 bytes, hc32f460_interrupts.o(i.IRQ062_Handler))
<BR>[Address Reference Count : 1]<UL><LI> startup_hc32f460.o(RESET)
</UL>
<P><STRONG><a name="[4a]"></a>IRQ063_Handler</STRONG> (Thumb, 14 bytes, Stack size 0 bytes, hc32f460_interrupts.o(i.IRQ063_Handler))
<BR>[Address Reference Count : 1]<UL><LI> startup_hc32f460.o(RESET)
</UL>
<P><STRONG><a name="[4b]"></a>IRQ064_Handler</STRONG> (Thumb, 14 bytes, Stack size 0 bytes, hc32f460_interrupts.o(i.IRQ064_Handler))
<BR>[Address Reference Count : 1]<UL><LI> startup_hc32f460.o(RESET)
</UL>
<P><STRONG><a name="[4c]"></a>IRQ065_Handler</STRONG> (Thumb, 14 bytes, Stack size 0 bytes, hc32f460_interrupts.o(i.IRQ065_Handler))
<BR>[Address Reference Count : 1]<UL><LI> startup_hc32f460.o(RESET)
</UL>
<P><STRONG><a name="[4d]"></a>IRQ066_Handler</STRONG> (Thumb, 14 bytes, Stack size 0 bytes, hc32f460_interrupts.o(i.IRQ066_Handler))
<BR>[Address Reference Count : 1]<UL><LI> startup_hc32f460.o(RESET)
</UL>
<P><STRONG><a name="[4e]"></a>IRQ067_Handler</STRONG> (Thumb, 14 bytes, Stack size 0 bytes, hc32f460_interrupts.o(i.IRQ067_Handler))
<BR>[Address Reference Count : 1]<UL><LI> startup_hc32f460.o(RESET)
</UL>
<P><STRONG><a name="[4f]"></a>IRQ068_Handler</STRONG> (Thumb, 14 bytes, Stack size 0 bytes, hc32f460_interrupts.o(i.IRQ068_Handler))
<BR>[Address Reference Count : 1]<UL><LI> startup_hc32f460.o(RESET)
</UL>
<P><STRONG><a name="[50]"></a>IRQ069_Handler</STRONG> (Thumb, 14 bytes, Stack size 0 bytes, hc32f460_interrupts.o(i.IRQ069_Handler))
<BR>[Address Reference Count : 1]<UL><LI> startup_hc32f460.o(RESET)
</UL>
<P><STRONG><a name="[51]"></a>IRQ070_Handler</STRONG> (Thumb, 14 bytes, Stack size 0 bytes, hc32f460_interrupts.o(i.IRQ070_Handler))
<BR>[Address Reference Count : 1]<UL><LI> startup_hc32f460.o(RESET)
</UL>
<P><STRONG><a name="[52]"></a>IRQ071_Handler</STRONG> (Thumb, 14 bytes, Stack size 0 bytes, hc32f460_interrupts.o(i.IRQ071_Handler))
<BR>[Address Reference Count : 1]<UL><LI> startup_hc32f460.o(RESET)
</UL>
<P><STRONG><a name="[53]"></a>IRQ072_Handler</STRONG> (Thumb, 14 bytes, Stack size 0 bytes, hc32f460_interrupts.o(i.IRQ072_Handler))
<BR>[Address Reference Count : 1]<UL><LI> startup_hc32f460.o(RESET)
</UL>
<P><STRONG><a name="[54]"></a>IRQ073_Handler</STRONG> (Thumb, 14 bytes, Stack size 0 bytes, hc32f460_interrupts.o(i.IRQ073_Handler))
<BR>[Address Reference Count : 1]<UL><LI> startup_hc32f460.o(RESET)
</UL>
<P><STRONG><a name="[55]"></a>IRQ074_Handler</STRONG> (Thumb, 14 bytes, Stack size 0 bytes, hc32f460_interrupts.o(i.IRQ074_Handler))
<BR>[Address Reference Count : 1]<UL><LI> startup_hc32f460.o(RESET)
</UL>
<P><STRONG><a name="[56]"></a>IRQ075_Handler</STRONG> (Thumb, 14 bytes, Stack size 0 bytes, hc32f460_interrupts.o(i.IRQ075_Handler))
<BR>[Address Reference Count : 1]<UL><LI> startup_hc32f460.o(RESET)
</UL>
<P><STRONG><a name="[57]"></a>IRQ076_Handler</STRONG> (Thumb, 14 bytes, Stack size 0 bytes, hc32f460_interrupts.o(i.IRQ076_Handler))
<BR>[Address Reference Count : 1]<UL><LI> startup_hc32f460.o(RESET)
</UL>
<P><STRONG><a name="[58]"></a>IRQ077_Handler</STRONG> (Thumb, 14 bytes, Stack size 0 bytes, hc32f460_interrupts.o(i.IRQ077_Handler))
<BR>[Address Reference Count : 1]<UL><LI> startup_hc32f460.o(RESET)
</UL>
<P><STRONG><a name="[59]"></a>IRQ078_Handler</STRONG> (Thumb, 14 bytes, Stack size 0 bytes, hc32f460_interrupts.o(i.IRQ078_Handler))
<BR>[Address Reference Count : 1]<UL><LI> startup_hc32f460.o(RESET)
</UL>
<P><STRONG><a name="[5a]"></a>IRQ079_Handler</STRONG> (Thumb, 14 bytes, Stack size 0 bytes, hc32f460_interrupts.o(i.IRQ079_Handler))
<BR>[Address Reference Count : 1]<UL><LI> startup_hc32f460.o(RESET)
</UL>
<P><STRONG><a name="[5b]"></a>IRQ080_Handler</STRONG> (Thumb, 14 bytes, Stack size 0 bytes, hc32f460_interrupts.o(i.IRQ080_Handler))
<BR>[Address Reference Count : 1]<UL><LI> startup_hc32f460.o(RESET)
</UL>
<P><STRONG><a name="[5c]"></a>IRQ081_Handler</STRONG> (Thumb, 14 bytes, Stack size 0 bytes, hc32f460_interrupts.o(i.IRQ081_Handler))
<BR>[Address Reference Count : 1]<UL><LI> startup_hc32f460.o(RESET)
</UL>
<P><STRONG><a name="[5d]"></a>IRQ082_Handler</STRONG> (Thumb, 14 bytes, Stack size 0 bytes, hc32f460_interrupts.o(i.IRQ082_Handler))
<BR>[Address Reference Count : 1]<UL><LI> startup_hc32f460.o(RESET)
</UL>
<P><STRONG><a name="[5e]"></a>IRQ083_Handler</STRONG> (Thumb, 14 bytes, Stack size 0 bytes, hc32f460_interrupts.o(i.IRQ083_Handler))
<BR>[Address Reference Count : 1]<UL><LI> startup_hc32f460.o(RESET)
</UL>
<P><STRONG><a name="[5f]"></a>IRQ084_Handler</STRONG> (Thumb, 14 bytes, Stack size 0 bytes, hc32f460_interrupts.o(i.IRQ084_Handler))
<BR>[Address Reference Count : 1]<UL><LI> startup_hc32f460.o(RESET)
</UL>
<P><STRONG><a name="[60]"></a>IRQ085_Handler</STRONG> (Thumb, 14 bytes, Stack size 0 bytes, hc32f460_interrupts.o(i.IRQ085_Handler))
<BR>[Address Reference Count : 1]<UL><LI> startup_hc32f460.o(RESET)
</UL>
<P><STRONG><a name="[61]"></a>IRQ086_Handler</STRONG> (Thumb, 14 bytes, Stack size 0 bytes, hc32f460_interrupts.o(i.IRQ086_Handler))
<BR>[Address Reference Count : 1]<UL><LI> startup_hc32f460.o(RESET)
</UL>
<P><STRONG><a name="[62]"></a>IRQ087_Handler</STRONG> (Thumb, 14 bytes, Stack size 0 bytes, hc32f460_interrupts.o(i.IRQ087_Handler))
<BR>[Address Reference Count : 1]<UL><LI> startup_hc32f460.o(RESET)
</UL>
<P><STRONG><a name="[63]"></a>IRQ088_Handler</STRONG> (Thumb, 14 bytes, Stack size 0 bytes, hc32f460_interrupts.o(i.IRQ088_Handler))
<BR>[Address Reference Count : 1]<UL><LI> startup_hc32f460.o(RESET)
</UL>
<P><STRONG><a name="[64]"></a>IRQ089_Handler</STRONG> (Thumb, 14 bytes, Stack size 0 bytes, hc32f460_interrupts.o(i.IRQ089_Handler))
<BR>[Address Reference Count : 1]<UL><LI> startup_hc32f460.o(RESET)
</UL>
<P><STRONG><a name="[65]"></a>IRQ090_Handler</STRONG> (Thumb, 14 bytes, Stack size 0 bytes, hc32f460_interrupts.o(i.IRQ090_Handler))
<BR>[Address Reference Count : 1]<UL><LI> startup_hc32f460.o(RESET)
</UL>
<P><STRONG><a name="[66]"></a>IRQ091_Handler</STRONG> (Thumb, 14 bytes, Stack size 0 bytes, hc32f460_interrupts.o(i.IRQ091_Handler))
<BR>[Address Reference Count : 1]<UL><LI> startup_hc32f460.o(RESET)
</UL>
<P><STRONG><a name="[67]"></a>IRQ092_Handler</STRONG> (Thumb, 14 bytes, Stack size 0 bytes, hc32f460_interrupts.o(i.IRQ092_Handler))
<BR>[Address Reference Count : 1]<UL><LI> startup_hc32f460.o(RESET)
</UL>
<P><STRONG><a name="[68]"></a>IRQ093_Handler</STRONG> (Thumb, 14 bytes, Stack size 0 bytes, hc32f460_interrupts.o(i.IRQ093_Handler))
<BR>[Address Reference Count : 1]<UL><LI> startup_hc32f460.o(RESET)
</UL>
<P><STRONG><a name="[69]"></a>IRQ094_Handler</STRONG> (Thumb, 14 bytes, Stack size 0 bytes, hc32f460_interrupts.o(i.IRQ094_Handler))
<BR>[Address Reference Count : 1]<UL><LI> startup_hc32f460.o(RESET)
</UL>
<P><STRONG><a name="[6a]"></a>IRQ095_Handler</STRONG> (Thumb, 14 bytes, Stack size 0 bytes, hc32f460_interrupts.o(i.IRQ095_Handler))
<BR>[Address Reference Count : 1]<UL><LI> startup_hc32f460.o(RESET)
</UL>
<P><STRONG><a name="[6b]"></a>IRQ096_Handler</STRONG> (Thumb, 14 bytes, Stack size 0 bytes, hc32f460_interrupts.o(i.IRQ096_Handler))
<BR>[Address Reference Count : 1]<UL><LI> startup_hc32f460.o(RESET)
</UL>
<P><STRONG><a name="[6c]"></a>IRQ097_Handler</STRONG> (Thumb, 14 bytes, Stack size 0 bytes, hc32f460_interrupts.o(i.IRQ097_Handler))
<BR>[Address Reference Count : 1]<UL><LI> startup_hc32f460.o(RESET)
</UL>
<P><STRONG><a name="[6d]"></a>IRQ098_Handler</STRONG> (Thumb, 14 bytes, Stack size 0 bytes, hc32f460_interrupts.o(i.IRQ098_Handler))
<BR>[Address Reference Count : 1]<UL><LI> startup_hc32f460.o(RESET)
</UL>
<P><STRONG><a name="[6e]"></a>IRQ099_Handler</STRONG> (Thumb, 14 bytes, Stack size 0 bytes, hc32f460_interrupts.o(i.IRQ099_Handler))
<BR>[Address Reference Count : 1]<UL><LI> startup_hc32f460.o(RESET)
</UL>
<P><STRONG><a name="[6f]"></a>IRQ100_Handler</STRONG> (Thumb, 14 bytes, Stack size 0 bytes, hc32f460_interrupts.o(i.IRQ100_Handler))
<BR>[Address Reference Count : 1]<UL><LI> startup_hc32f460.o(RESET)
</UL>
<P><STRONG><a name="[70]"></a>IRQ101_Handler</STRONG> (Thumb, 14 bytes, Stack size 0 bytes, hc32f460_interrupts.o(i.IRQ101_Handler))
<BR>[Address Reference Count : 1]<UL><LI> startup_hc32f460.o(RESET)
</UL>
<P><STRONG><a name="[71]"></a>IRQ102_Handler</STRONG> (Thumb, 14 bytes, Stack size 0 bytes, hc32f460_interrupts.o(i.IRQ102_Handler))
<BR>[Address Reference Count : 1]<UL><LI> startup_hc32f460.o(RESET)
</UL>
<P><STRONG><a name="[72]"></a>IRQ103_Handler</STRONG> (Thumb, 14 bytes, Stack size 0 bytes, hc32f460_interrupts.o(i.IRQ103_Handler))
<BR>[Address Reference Count : 1]<UL><LI> startup_hc32f460.o(RESET)
</UL>
<P><STRONG><a name="[73]"></a>IRQ104_Handler</STRONG> (Thumb, 14 bytes, Stack size 0 bytes, hc32f460_interrupts.o(i.IRQ104_Handler))
<BR>[Address Reference Count : 1]<UL><LI> startup_hc32f460.o(RESET)
</UL>
<P><STRONG><a name="[74]"></a>IRQ105_Handler</STRONG> (Thumb, 14 bytes, Stack size 0 bytes, hc32f460_interrupts.o(i.IRQ105_Handler))
<BR>[Address Reference Count : 1]<UL><LI> startup_hc32f460.o(RESET)
</UL>
<P><STRONG><a name="[75]"></a>IRQ106_Handler</STRONG> (Thumb, 14 bytes, Stack size 0 bytes, hc32f460_interrupts.o(i.IRQ106_Handler))
<BR>[Address Reference Count : 1]<UL><LI> startup_hc32f460.o(RESET)
</UL>
<P><STRONG><a name="[76]"></a>IRQ107_Handler</STRONG> (Thumb, 14 bytes, Stack size 0 bytes, hc32f460_interrupts.o(i.IRQ107_Handler))
<BR>[Address Reference Count : 1]<UL><LI> startup_hc32f460.o(RESET)
</UL>
<P><STRONG><a name="[77]"></a>IRQ108_Handler</STRONG> (Thumb, 14 bytes, Stack size 0 bytes, hc32f460_interrupts.o(i.IRQ108_Handler))
<BR>[Address Reference Count : 1]<UL><LI> startup_hc32f460.o(RESET)
</UL>
<P><STRONG><a name="[78]"></a>IRQ109_Handler</STRONG> (Thumb, 14 bytes, Stack size 0 bytes, hc32f460_interrupts.o(i.IRQ109_Handler))
<BR>[Address Reference Count : 1]<UL><LI> startup_hc32f460.o(RESET)
</UL>
<P><STRONG><a name="[79]"></a>IRQ110_Handler</STRONG> (Thumb, 14 bytes, Stack size 0 bytes, hc32f460_interrupts.o(i.IRQ110_Handler))
<BR>[Address Reference Count : 1]<UL><LI> startup_hc32f460.o(RESET)
</UL>
<P><STRONG><a name="[7a]"></a>IRQ111_Handler</STRONG> (Thumb, 14 bytes, Stack size 0 bytes, hc32f460_interrupts.o(i.IRQ111_Handler))
<BR>[Address Reference Count : 1]<UL><LI> startup_hc32f460.o(RESET)
</UL>
<P><STRONG><a name="[7b]"></a>IRQ112_Handler</STRONG> (Thumb, 14 bytes, Stack size 0 bytes, hc32f460_interrupts.o(i.IRQ112_Handler))
<BR>[Address Reference Count : 1]<UL><LI> startup_hc32f460.o(RESET)
</UL>
<P><STRONG><a name="[7c]"></a>IRQ113_Handler</STRONG> (Thumb, 14 bytes, Stack size 0 bytes, hc32f460_interrupts.o(i.IRQ113_Handler))
<BR>[Address Reference Count : 1]<UL><LI> startup_hc32f460.o(RESET)
</UL>
<P><STRONG><a name="[7d]"></a>IRQ114_Handler</STRONG> (Thumb, 14 bytes, Stack size 0 bytes, hc32f460_interrupts.o(i.IRQ114_Handler))
<BR>[Address Reference Count : 1]<UL><LI> startup_hc32f460.o(RESET)
</UL>
<P><STRONG><a name="[7e]"></a>IRQ115_Handler</STRONG> (Thumb, 14 bytes, Stack size 0 bytes, hc32f460_interrupts.o(i.IRQ115_Handler))
<BR>[Address Reference Count : 1]<UL><LI> startup_hc32f460.o(RESET)
</UL>
<P><STRONG><a name="[7f]"></a>IRQ116_Handler</STRONG> (Thumb, 14 bytes, Stack size 0 bytes, hc32f460_interrupts.o(i.IRQ116_Handler))
<BR>[Address Reference Count : 1]<UL><LI> startup_hc32f460.o(RESET)
</UL>
<P><STRONG><a name="[80]"></a>IRQ117_Handler</STRONG> (Thumb, 14 bytes, Stack size 0 bytes, hc32f460_interrupts.o(i.IRQ117_Handler))
<BR>[Address Reference Count : 1]<UL><LI> startup_hc32f460.o(RESET)
</UL>
<P><STRONG><a name="[81]"></a>IRQ118_Handler</STRONG> (Thumb, 14 bytes, Stack size 0 bytes, hc32f460_interrupts.o(i.IRQ118_Handler))
<BR>[Address Reference Count : 1]<UL><LI> startup_hc32f460.o(RESET)
</UL>
<P><STRONG><a name="[82]"></a>IRQ119_Handler</STRONG> (Thumb, 14 bytes, Stack size 0 bytes, hc32f460_interrupts.o(i.IRQ119_Handler))
<BR>[Address Reference Count : 1]<UL><LI> startup_hc32f460.o(RESET)
</UL>
<P><STRONG><a name="[83]"></a>IRQ120_Handler</STRONG> (Thumb, 14 bytes, Stack size 0 bytes, hc32f460_interrupts.o(i.IRQ120_Handler))
<BR>[Address Reference Count : 1]<UL><LI> startup_hc32f460.o(RESET)
</UL>
<P><STRONG><a name="[84]"></a>IRQ121_Handler</STRONG> (Thumb, 14 bytes, Stack size 0 bytes, hc32f460_interrupts.o(i.IRQ121_Handler))
<BR>[Address Reference Count : 1]<UL><LI> startup_hc32f460.o(RESET)
</UL>
<P><STRONG><a name="[85]"></a>IRQ122_Handler</STRONG> (Thumb, 14 bytes, Stack size 0 bytes, hc32f460_interrupts.o(i.IRQ122_Handler))
<BR>[Address Reference Count : 1]<UL><LI> startup_hc32f460.o(RESET)
</UL>
<P><STRONG><a name="[86]"></a>IRQ123_Handler</STRONG> (Thumb, 14 bytes, Stack size 0 bytes, hc32f460_interrupts.o(i.IRQ123_Handler))
<BR>[Address Reference Count : 1]<UL><LI> startup_hc32f460.o(RESET)
</UL>
<P><STRONG><a name="[87]"></a>IRQ124_Handler</STRONG> (Thumb, 14 bytes, Stack size 0 bytes, hc32f460_interrupts.o(i.IRQ124_Handler))
<BR>[Address Reference Count : 1]<UL><LI> startup_hc32f460.o(RESET)
</UL>
<P><STRONG><a name="[88]"></a>IRQ125_Handler</STRONG> (Thumb, 14 bytes, Stack size 0 bytes, hc32f460_interrupts.o(i.IRQ125_Handler))
<BR>[Address Reference Count : 1]<UL><LI> startup_hc32f460.o(RESET)
</UL>
<P><STRONG><a name="[89]"></a>IRQ126_Handler</STRONG> (Thumb, 14 bytes, Stack size 0 bytes, hc32f460_interrupts.o(i.IRQ126_Handler))
<BR>[Address Reference Count : 1]<UL><LI> startup_hc32f460.o(RESET)
</UL>
<P><STRONG><a name="[8a]"></a>IRQ127_Handler</STRONG> (Thumb, 14 bytes, Stack size 0 bytes, hc32f460_interrupts.o(i.IRQ127_Handler))
<BR>[Address Reference Count : 1]<UL><LI> startup_hc32f460.o(RESET)
</UL>
<P><STRONG><a name="[4]"></a>MemManage_Handler</STRONG> (Thumb, 8 bytes, Stack size 0 bytes, hc32f460_interrupts.o(i.MemManage_Handler))
<BR>[Address Reference Count : 1]<UL><LI> startup_hc32f460.o(RESET)
</UL>
<P><STRONG><a name="[2]"></a>NMI_Handler</STRONG> (Thumb, 8 bytes, Stack size 0 bytes, hc32f460_interrupts.o(i.NMI_Handler))
<BR><BR>[Calls]<UL><LI><a href="#[ae]">&gt;&gt;</a>&nbsp;&nbsp;&nbsp;NMI_IrqHandler
</UL>
<BR>[Address Reference Count : 1]<UL><LI> startup_hc32f460.o(RESET)
</UL>
<P><STRONG><a name="[ae]"></a>NMI_IrqHandler</STRONG> (Thumb, 26 bytes, Stack size 0 bytes, hc32f460_exint_nmi_swi.o(i.NMI_IrqHandler))
<BR><BR>[Calls]<UL><LI><a href="#[ad]">&gt;&gt;</a>&nbsp;&nbsp;&nbsp;Ddl_AssertHandler
</UL>
<BR>[Called By]<UL><LI><a href="#[2]">&gt;&gt;</a>&nbsp;&nbsp;&nbsp;NMI_Handler
</UL>

<P><STRONG><a name="[de]"></a>PORT_GetBit</STRONG> (Thumb, 144 bytes, Stack size 0 bytes, hc32f460_gpio.o(i.PORT_GetBit))
<BR><BR>[Calls]<UL><LI><a href="#[ad]">&gt;&gt;</a>&nbsp;&nbsp;&nbsp;Ddl_AssertHandler
</UL>
<BR>[Called By]<UL><LI><a href="#[120]">&gt;&gt;</a>&nbsp;&nbsp;&nbsp;rf_irq_process
</UL>

<P><STRONG><a name="[d8]"></a>PORT_Init</STRONG> (Thumb, 430 bytes, Stack size 0 bytes, hc32f460_gpio.o(i.PORT_Init))
<BR><BR>[Calls]<UL><LI><a href="#[ad]">&gt;&gt;</a>&nbsp;&nbsp;&nbsp;Ddl_AssertHandler
</UL>
<BR>[Called By]<UL><LI><a href="#[f6]">&gt;&gt;</a>&nbsp;&nbsp;&nbsp;Timer4_Init
<LI><a href="#[e4]">&gt;&gt;</a>&nbsp;&nbsp;&nbsp;RF_IRQ_Init
<LI><a href="#[da]">&gt;&gt;</a>&nbsp;&nbsp;&nbsp;BSP_LED_Init
<LI><a href="#[d7]">&gt;&gt;</a>&nbsp;&nbsp;&nbsp;BSP_GPIO_Init
</UL>

<P><STRONG><a name="[df]"></a>PORT_ResetBits</STRONG> (Thumb, 54 bytes, Stack size 0 bytes, hc32f460_gpio.o(i.PORT_ResetBits))
<BR><BR>[Calls]<UL><LI><a href="#[ad]">&gt;&gt;</a>&nbsp;&nbsp;&nbsp;Ddl_AssertHandler
</UL>
<BR>[Called By]<UL><LI><a href="#[aa]">&gt;&gt;</a>&nbsp;&nbsp;&nbsp;spi_cs_set_low
</UL>

<P><STRONG><a name="[d9]"></a>PORT_SetBits</STRONG> (Thumb, 54 bytes, Stack size 0 bytes, hc32f460_gpio.o(i.PORT_SetBits))
<BR><BR>[Calls]<UL><LI><a href="#[ad]">&gt;&gt;</a>&nbsp;&nbsp;&nbsp;Ddl_AssertHandler
</UL>
<BR>[Called By]<UL><LI><a href="#[da]">&gt;&gt;</a>&nbsp;&nbsp;&nbsp;BSP_LED_Init
<LI><a href="#[d7]">&gt;&gt;</a>&nbsp;&nbsp;&nbsp;BSP_GPIO_Init
<LI><a href="#[a9]">&gt;&gt;</a>&nbsp;&nbsp;&nbsp;spi_cs_set_high
</UL>

<P><STRONG><a name="[db]"></a>PORT_SetFunc</STRONG> (Thumb, 174 bytes, Stack size 0 bytes, hc32f460_gpio.o(i.PORT_SetFunc))
<BR><BR>[Calls]<UL><LI><a href="#[ad]">&gt;&gt;</a>&nbsp;&nbsp;&nbsp;Ddl_AssertHandler
</UL>
<BR>[Called By]<UL><LI><a href="#[108]">&gt;&gt;</a>&nbsp;&nbsp;&nbsp;Uart_Config
<LI><a href="#[ee]">&gt;&gt;</a>&nbsp;&nbsp;&nbsp;Spi_Config
<LI><a href="#[a0]">&gt;&gt;</a>&nbsp;&nbsp;&nbsp;BSP_PRINTF_PortInit
</UL>

<P><STRONG><a name="[bd]"></a>PORT_Toggle</STRONG> (Thumb, 54 bytes, Stack size 0 bytes, hc32f460_gpio.o(i.PORT_Toggle))
<BR><BR>[Calls]<UL><LI><a href="#[ad]">&gt;&gt;</a>&nbsp;&nbsp;&nbsp;Ddl_AssertHandler
</UL>
<BR>[Called By]<UL><LI><a href="#[bc]">&gt;&gt;</a>&nbsp;&nbsp;&nbsp;BSP_LED_Toggle
</UL>

<P><STRONG><a name="[e0]"></a>PWC_Fcg1PeriphClockCmd</STRONG> (Thumb, 56 bytes, Stack size 0 bytes, hc32f460_pwc.o(i.PWC_Fcg1PeriphClockCmd))
<BR><BR>[Calls]<UL><LI><a href="#[ad]">&gt;&gt;</a>&nbsp;&nbsp;&nbsp;Ddl_AssertHandler
</UL>
<BR>[Called By]<UL><LI><a href="#[108]">&gt;&gt;</a>&nbsp;&nbsp;&nbsp;Uart_Config
<LI><a href="#[ee]">&gt;&gt;</a>&nbsp;&nbsp;&nbsp;Spi_Config
</UL>

<P><STRONG><a name="[e1]"></a>PWC_Fcg2PeriphClockCmd</STRONG> (Thumb, 56 bytes, Stack size 0 bytes, hc32f460_pwc.o(i.PWC_Fcg2PeriphClockCmd))
<BR><BR>[Calls]<UL><LI><a href="#[ad]">&gt;&gt;</a>&nbsp;&nbsp;&nbsp;Ddl_AssertHandler
</UL>
<BR>[Called By]<UL><LI><a href="#[fc]">&gt;&gt;</a>&nbsp;&nbsp;&nbsp;Timer6_Cfg
<LI><a href="#[f6]">&gt;&gt;</a>&nbsp;&nbsp;&nbsp;Timer4_Init
</UL>

<P><STRONG><a name="[d5]"></a>PWC_HS2HP</STRONG> (Thumb, 58 bytes, Stack size 0 bytes, hc32f460_pwc.o(i.PWC_HS2HP))
<BR><BR>[Calls]<UL><LI><a href="#[e2]">&gt;&gt;</a>&nbsp;&nbsp;&nbsp;Ddl_Delay1ms
</UL>
<BR>[Called By]<UL><LI><a href="#[c8]">&gt;&gt;</a>&nbsp;&nbsp;&nbsp;BSP_CLK_Init
</UL>

<P><STRONG><a name="[9]"></a>PendSV_Handler</STRONG> (Thumb, 8 bytes, Stack size 0 bytes, hc32f460_interrupts.o(i.PendSV_Handler))
<BR>[Address Reference Count : 1]<UL><LI> startup_hc32f460.o(RESET)
</UL>
<P><STRONG><a name="[9e]"></a>PwmCoupleChIrqCallback</STRONG> (Thumb, 24 bytes, Stack size 0 bytes, ev_hc32f460_lqfp100_v2.o(i.PwmCoupleChIrqCallback))
<BR><BR>[Calls]<UL><LI><a href="#[e3]">&gt;&gt;</a>&nbsp;&nbsp;&nbsp;TIMER4_PWM_ClearIrqFlag
</UL>
<BR>[Address Reference Count : 1]<UL><LI> ev_hc32f460_lqfp100_v2.o(i.Timer4_Init)
</UL>
<P><STRONG><a name="[e4]"></a>RF_IRQ_Init</STRONG> (Thumb, 30 bytes, Stack size 0 bytes, ev_hc32f460_lqfp100_v2.o(i.RF_IRQ_Init))
<BR><BR>[Calls]<UL><LI><a href="#[d8]">&gt;&gt;</a>&nbsp;&nbsp;&nbsp;PORT_Init
</UL>
<BR>[Called By]<UL><LI><a href="#[9b]">&gt;&gt;</a>&nbsp;&nbsp;&nbsp;main
</UL>

<P><STRONG><a name="[e5]"></a>SPI_Cmd</STRONG> (Thumb, 60 bytes, Stack size 0 bytes, hc32f460_spi.o(i.SPI_Cmd))
<BR><BR>[Calls]<UL><LI><a href="#[ad]">&gt;&gt;</a>&nbsp;&nbsp;&nbsp;Ddl_AssertHandler
</UL>
<BR>[Called By]<UL><LI><a href="#[ee]">&gt;&gt;</a>&nbsp;&nbsp;&nbsp;Spi_Config
</UL>

<P><STRONG><a name="[e6]"></a>SPI_GetFlag</STRONG> (Thumb, 144 bytes, Stack size 0 bytes, hc32f460_spi.o(i.SPI_GetFlag))
<BR><BR>[Calls]<UL><LI><a href="#[ad]">&gt;&gt;</a>&nbsp;&nbsp;&nbsp;Ddl_AssertHandler
</UL>
<BR>[Called By]<UL><LI><a href="#[a8]">&gt;&gt;</a>&nbsp;&nbsp;&nbsp;spi_readwritebyte
</UL>

<P><STRONG><a name="[e7]"></a>SPI_Init</STRONG> (Thumb, 1106 bytes, Stack size 0 bytes, hc32f460_spi.o(i.SPI_Init))
<BR><BR>[Calls]<UL><LI><a href="#[ad]">&gt;&gt;</a>&nbsp;&nbsp;&nbsp;Ddl_AssertHandler
</UL>
<BR>[Called By]<UL><LI><a href="#[ee]">&gt;&gt;</a>&nbsp;&nbsp;&nbsp;Spi_Config
</UL>

<P><STRONG><a name="[e8]"></a>SPI_ReceiveData8</STRONG> (Thumb, 44 bytes, Stack size 0 bytes, hc32f460_spi.o(i.SPI_ReceiveData8))
<BR><BR>[Calls]<UL><LI><a href="#[ad]">&gt;&gt;</a>&nbsp;&nbsp;&nbsp;Ddl_AssertHandler
</UL>
<BR>[Called By]<UL><LI><a href="#[a8]">&gt;&gt;</a>&nbsp;&nbsp;&nbsp;spi_readwritebyte
</UL>

<P><STRONG><a name="[15c]"></a>SPI_SendData8</STRONG> (Thumb, 34 bytes, Stack size 0 bytes, hc32f460_spi.o(i.SPI_SendData8))
<BR><BR>[Called By]<UL><LI><a href="#[a8]">&gt;&gt;</a>&nbsp;&nbsp;&nbsp;spi_readwritebyte
</UL>

<P><STRONG><a name="[cd]"></a>SRAM_Init</STRONG> (Thumb, 260 bytes, Stack size 0 bytes, hc32f460_sram.o(i.SRAM_Init))
<BR><BR>[Calls]<UL><LI><a href="#[ad]">&gt;&gt;</a>&nbsp;&nbsp;&nbsp;Ddl_AssertHandler
</UL>
<BR>[Called By]<UL><LI><a href="#[c8]">&gt;&gt;</a>&nbsp;&nbsp;&nbsp;BSP_CLK_Init
</UL>

<P><STRONG><a name="[7]"></a>SVC_Handler</STRONG> (Thumb, 8 bytes, Stack size 0 bytes, hc32f460_interrupts.o(i.SVC_Handler))
<BR>[Address Reference Count : 1]<UL><LI> startup_hc32f460.o(RESET)
</UL>
<P><STRONG><a name="[ee]"></a>Spi_Config</STRONG> (Thumb, 170 bytes, Stack size 0 bytes, ev_hc32f460_lqfp100_v2.o(i.Spi_Config))
<BR><BR>[Calls]<UL><LI><a href="#[e7]">&gt;&gt;</a>&nbsp;&nbsp;&nbsp;SPI_Init
<LI><a href="#[e5]">&gt;&gt;</a>&nbsp;&nbsp;&nbsp;SPI_Cmd
<LI><a href="#[e0]">&gt;&gt;</a>&nbsp;&nbsp;&nbsp;PWC_Fcg1PeriphClockCmd
<LI><a href="#[db]">&gt;&gt;</a>&nbsp;&nbsp;&nbsp;PORT_SetFunc
<LI><a href="#[c9]">&gt;&gt;</a>&nbsp;&nbsp;&nbsp;__aeabi_memclr4
</UL>
<BR>[Called By]<UL><LI><a href="#[9b]">&gt;&gt;</a>&nbsp;&nbsp;&nbsp;main
</UL>

<P><STRONG><a name="[ef]"></a>SysTick_Delay</STRONG> (Thumb, 52 bytes, Stack size 0 bytes, hc32f460_utility.o(i.SysTick_Delay))
<BR><BR>[Calls]<UL><LI><a href="#[f0]">&gt;&gt;</a>&nbsp;&nbsp;&nbsp;SysTick_GetTick
</UL>
<BR>[Called By]<UL><LI><a href="#[9b]">&gt;&gt;</a>&nbsp;&nbsp;&nbsp;main
</UL>

<P><STRONG><a name="[f1]"></a>SysTick_Delay_10us</STRONG> (Thumb, 42 bytes, Stack size 0 bytes, hc32f460_utility.o(i.SysTick_Delay_10us))
<BR><BR>[Calls]<UL><LI><a href="#[f2]">&gt;&gt;</a>&nbsp;&nbsp;&nbsp;SysTick_usTick
</UL>
<BR>[Called By]<UL><LI><a href="#[ac]">&gt;&gt;</a>&nbsp;&nbsp;&nbsp;rf_delay_us
<LI><a href="#[ab]">&gt;&gt;</a>&nbsp;&nbsp;&nbsp;rf_delay_ms
</UL>

<P><STRONG><a name="[f0]"></a>SysTick_GetTick</STRONG> (Thumb, 6 bytes, Stack size 0 bytes, hc32f460_utility.o(i.SysTick_GetTick))
<BR><BR>[Called By]<UL><LI><a href="#[ef]">&gt;&gt;</a>&nbsp;&nbsp;&nbsp;SysTick_Delay
</UL>

<P><STRONG><a name="[a]"></a>SysTick_Handler</STRONG> (Thumb, 8 bytes, Stack size 0 bytes, hc32f460_interrupts.o(i.SysTick_Handler))
[...]
<LI><a href="#[151]">&gt;&gt;</a>&nbsp;&nbsp;&nbsp;rf_should_turnon_ldr
<LI><a href="#[129]">&gt;&gt;</a>&nbsp;&nbsp;&nbsp;rf_set_spec_page_reg_bits
<LI><a href="#[152]">&gt;&gt;</a>&nbsp;&nbsp;&nbsp;rf_set_ldr
<LI><a href="#[128]">&gt;&gt;</a>&nbsp;&nbsp;&nbsp;rf_reset_spec_page_reg_bits
<LI><a href="#[143]">&gt;&gt;</a>&nbsp;&nbsp;&nbsp;rf_get_sf
</UL>
<BR>[Called By]<UL><LI><a href="#[11e]">&gt;&gt;</a>&nbsp;&nbsp;&nbsp;rf_set_default_para
</UL>

<P><STRONG><a name="[153]"></a>rf_set_code_rate</STRONG> (Thumb, 22 bytes, Stack size 0 bytes, pan_rf.o(i.rf_set_code_rate))
<BR><BR>[Calls]<UL><LI><a href="#[13a]">&gt;&gt;</a>&nbsp;&nbsp;&nbsp;rf_write_spec_page_reg_bits
</UL>
<BR>[Called By]<UL><LI><a href="#[11e]">&gt;&gt;</a>&nbsp;&nbsp;&nbsp;rf_set_default_para
</UL>

<P><STRONG><a name="[154]"></a>rf_set_crc</STRONG> (Thumb, 22 bytes, Stack size 0 bytes, pan_rf.o(i.rf_set_crc))
<BR><BR>[Calls]<UL><LI><a href="#[13a]">&gt;&gt;</a>&nbsp;&nbsp;&nbsp;rf_write_spec_page_reg_bits
</UL>
<BR>[Called By]<UL><LI><a href="#[11e]">&gt;&gt;</a>&nbsp;&nbsp;&nbsp;rf_set_default_para
</UL>

<P><STRONG><a name="[11e]"></a>rf_set_default_para</STRONG> (Thumb, 56 bytes, Stack size 0 bytes, pan_rf.o(i.rf_set_default_para))
<BR><BR>[Calls]<UL><LI><a href="#[157]">&gt;&gt;</a>&nbsp;&nbsp;&nbsp;rf_set_tx_power
<LI><a href="#[156]">&gt;&gt;</a>&nbsp;&nbsp;&nbsp;rf_set_sf
<LI><a href="#[155]">&gt;&gt;</a>&nbsp;&nbsp;&nbsp;rf_set_freq
<LI><a href="#[154]">&gt;&gt;</a>&nbsp;&nbsp;&nbsp;rf_set_crc
<LI><a href="#[153]">&gt;&gt;</a>&nbsp;&nbsp;&nbsp;rf_set_code_rate
<LI><a href="#[150]">&gt;&gt;</a>&nbsp;&nbsp;&nbsp;rf_set_bw
</UL>
<BR>[Called By]<UL><LI><a href="#[9b]">&gt;&gt;</a>&nbsp;&nbsp;&nbsp;main
</UL>

<P><STRONG><a name="[155]"></a>rf_set_freq</STRONG> (Thumb, 336 bytes, Stack size 0 bytes, pan_rf.o(i.rf_set_freq))
<BR><BR>[Calls]<UL><LI><a href="#[b8]">&gt;&gt;</a>&nbsp;&nbsp;&nbsp;__aeabi_ui2d
<LI><a href="#[be]">&gt;&gt;</a>&nbsp;&nbsp;&nbsp;__aeabi_dmul
<LI><a href="#[bf]">&gt;&gt;</a>&nbsp;&nbsp;&nbsp;__aeabi_ddiv
<LI><a href="#[ba]">&gt;&gt;</a>&nbsp;&nbsp;&nbsp;__aeabi_d2f
<LI><a href="#[158]">&gt;&gt;</a>&nbsp;&nbsp;&nbsp;rf_write_spec_page_regs
<LI><a href="#[12e]">&gt;&gt;</a>&nbsp;&nbsp;&nbsp;rf_write_spec_page_reg
<LI><a href="#[159]">&gt;&gt;</a>&nbsp;&nbsp;&nbsp;rf_set_lo_freq
</UL>
<BR>[Called By]<UL><LI><a href="#[11e]">&gt;&gt;</a>&nbsp;&nbsp;&nbsp;rf_set_default_para
</UL>

<P><STRONG><a name="[12c]"></a>rf_set_gpio_input</STRONG> (Thumb, 38 bytes, Stack size 0 bytes, pan_rf.o(i.rf_set_gpio_input))
<BR><BR>[Calls]<UL><LI><a href="#[129]">&gt;&gt;</a>&nbsp;&nbsp;&nbsp;rf_set_spec_page_reg_bits
</UL>
<BR>[Called By]<UL><LI><a href="#[a2]">&gt;&gt;</a>&nbsp;&nbsp;&nbsp;rf_antenna_init
</UL>

<P><STRONG><a name="[12b]"></a>rf_set_gpio_output</STRONG> (Thumb, 38 bytes, Stack size 0 bytes, pan_rf.o(i.rf_set_gpio_output))
<BR><BR>[Calls]<UL><LI><a href="#[129]">&gt;&gt;</a>&nbsp;&nbsp;&nbsp;rf_set_spec_page_reg_bits
</UL>
<BR>[Called By]<UL><LI><a href="#[a2]">&gt;&gt;</a>&nbsp;&nbsp;&nbsp;rf_antenna_init
</UL>

<P><STRONG><a name="[12a]"></a>rf_set_gpio_state</STRONG> (Thumb, 42 bytes, Stack size 0 bytes, pan_rf.o(i.rf_set_gpio_state))
<BR><BR>[Calls]<UL><LI><a href="#[13a]">&gt;&gt;</a>&nbsp;&nbsp;&nbsp;rf_write_spec_page_reg_bits
</UL>
<BR>[Called By]<UL><LI><a href="#[a4]">&gt;&gt;</a>&nbsp;&nbsp;&nbsp;rf_antenna_tx
<LI><a href="#[a5]">&gt;&gt;</a>&nbsp;&nbsp;&nbsp;rf_antenna_rx
<LI><a href="#[a2]">&gt;&gt;</a>&nbsp;&nbsp;&nbsp;rf_antenna_init
<LI><a href="#[a6]">&gt;&gt;</a>&nbsp;&nbsp;&nbsp;rf_antenna_close
</UL>

<P><STRONG><a name="[14d]"></a>rf_set_ldo_pa_off</STRONG> (Thumb, 20 bytes, Stack size 0 bytes, pan_rf.o(i.rf_set_ldo_pa_off))
<BR><BR>[Calls]<UL><LI><a href="#[128]">&gt;&gt;</a>&nbsp;&nbsp;&nbsp;rf_reset_spec_page_reg_bits
</UL>
<BR>[Called By]<UL><LI><a href="#[120]">&gt;&gt;</a>&nbsp;&nbsp;&nbsp;rf_irq_process
</UL>

<P><STRONG><a name="[15a]"></a>rf_set_ldo_pa_on</STRONG> (Thumb, 20 bytes, Stack size 0 bytes, pan_rf.o(i.rf_set_ldo_pa_on))
<BR><BR>[Calls]<UL><LI><a href="#[129]">&gt;&gt;</a>&nbsp;&nbsp;&nbsp;rf_set_spec_page_reg_bits
</UL>
<BR>[Called By]<UL><LI><a href="#[11f]">&gt;&gt;</a>&nbsp;&nbsp;&nbsp;rf_single_tx_data
</UL>

<P><STRONG><a name="[152]"></a>rf_set_ldr</STRONG> (Thumb, 22 bytes, Stack size 0 bytes, pan_rf.o(i.rf_set_ldr))
<BR><BR>[Calls]<UL><LI><a href="#[13a]">&gt;&gt;</a>&nbsp;&nbsp;&nbsp;rf_write_spec_page_reg_bits
</UL>
<BR>[Called By]<UL><LI><a href="#[156]">&gt;&gt;</a>&nbsp;&nbsp;&nbsp;rf_set_sf
<LI><a href="#[150]">&gt;&gt;</a>&nbsp;&nbsp;&nbsp;rf_set_bw
</UL>

<P><STRONG><a name="[159]"></a>rf_set_lo_freq</STRONG> (Thumb, 30 bytes, Stack size 0 bytes, pan_rf.o(i.rf_set_lo_freq))
<BR><BR>[Calls]<UL><LI><a href="#[13a]">&gt;&gt;</a>&nbsp;&nbsp;&nbsp;rf_write_spec_page_reg_bits
</UL>
<BR>[Called By]<UL><LI><a href="#[155]">&gt;&gt;</a>&nbsp;&nbsp;&nbsp;rf_set_freq
</UL>

<P><STRONG><a name="[136]"></a>rf_set_mode</STRONG> (Thumb, 18 bytes, Stack size 0 bytes, pan_rf.o(i.rf_set_mode))
<BR><BR>[Calls]<UL><LI><a href="#[147]">&gt;&gt;</a>&nbsp;&nbsp;&nbsp;rf_write_reg
</UL>
<BR>[Called By]<UL><LI><a href="#[11f]">&gt;&gt;</a>&nbsp;&nbsp;&nbsp;rf_single_tx_data
<LI><a href="#[126]">&gt;&gt;</a>&nbsp;&nbsp;&nbsp;rf_enter_single_timeout_rx
</UL>

<P><STRONG><a name="[122]"></a>rf_set_recv_flag</STRONG> (Thumb, 6 bytes, Stack size 0 bytes, pan_rf.o(i.rf_set_recv_flag))
<BR><BR>[Called By]<UL><LI><a href="#[9b]">&gt;&gt;</a>&nbsp;&nbsp;&nbsp;main
</UL>

<P><STRONG><a name="[137]"></a>rf_set_rx_mode</STRONG> (Thumb, 22 bytes, Stack size 0 bytes, pan_rf.o(i.rf_set_rx_mode))
<BR><BR>[Calls]<UL><LI><a href="#[13a]">&gt;&gt;</a>&nbsp;&nbsp;&nbsp;rf_write_spec_page_reg_bits
</UL>
<BR>[Called By]<UL><LI><a href="#[126]">&gt;&gt;</a>&nbsp;&nbsp;&nbsp;rf_enter_single_timeout_rx
</UL>

<P><STRONG><a name="[138]"></a>rf_set_rx_single_timeout</STRONG> (Thumb, 32 bytes, Stack size 0 bytes, pan_rf.o(i.rf_set_rx_single_timeout))
<BR><BR>[Calls]<UL><LI><a href="#[158]">&gt;&gt;</a>&nbsp;&nbsp;&nbsp;rf_write_spec_page_regs
</UL>
<BR>[Called By]<UL><LI><a href="#[126]">&gt;&gt;</a>&nbsp;&nbsp;&nbsp;rf_enter_single_timeout_rx
</UL>

<P><STRONG><a name="[156]"></a>rf_set_sf</STRONG> (Thumb, 48 bytes, Stack size 0 bytes, pan_rf.o(i.rf_set_sf))
<BR><BR>[Calls]<UL><LI><a href="#[13a]">&gt;&gt;</a>&nbsp;&nbsp;&nbsp;rf_write_spec_page_reg_bits
<LI><a href="#[151]">&gt;&gt;</a>&nbsp;&nbsp;&nbsp;rf_should_turnon_ldr
<LI><a href="#[152]">&gt;&gt;</a>&nbsp;&nbsp;&nbsp;rf_set_ldr
<LI><a href="#[13b]">&gt;&gt;</a>&nbsp;&nbsp;&nbsp;rf_get_bw
</UL>
<BR>[Called By]<UL><LI><a href="#[11e]">&gt;&gt;</a>&nbsp;&nbsp;&nbsp;rf_set_default_para
</UL>

<P><STRONG><a name="[129]"></a>rf_set_spec_page_reg_bits</STRONG> (Thumb, 28 bytes, Stack size 0 bytes, pan_rf.o(i.rf_set_spec_page_reg_bits))
<BR><BR>[Calls]<UL><LI><a href="#[12e]">&gt;&gt;</a>&nbsp;&nbsp;&nbsp;rf_write_spec_page_reg
<LI><a href="#[134]">&gt;&gt;</a>&nbsp;&nbsp;&nbsp;rf_read_spec_page_reg
</UL>
<BR>[Called By]<UL><LI><a href="#[157]">&gt;&gt;</a>&nbsp;&nbsp;&nbsp;rf_set_tx_power
<LI><a href="#[15a]">&gt;&gt;</a>&nbsp;&nbsp;&nbsp;rf_set_ldo_pa_on
<LI><a href="#[150]">&gt;&gt;</a>&nbsp;&nbsp;&nbsp;rf_set_bw
<LI><a href="#[11d]">&gt;&gt;</a>&nbsp;&nbsp;&nbsp;rf_init
<LI><a href="#[12f]">&gt;&gt;</a>&nbsp;&nbsp;&nbsp;rf_efuse_off
<LI><a href="#[127]">&gt;&gt;</a>&nbsp;&nbsp;&nbsp;rf_agc_enable
<LI><a href="#[12b]">&gt;&gt;</a>&nbsp;&nbsp;&nbsp;rf_set_gpio_output
<LI><a href="#[12c]">&gt;&gt;</a>&nbsp;&nbsp;&nbsp;rf_set_gpio_input
</UL>

<P><STRONG><a name="[125]"></a>rf_set_transmit_flag</STRONG> (Thumb, 6 bytes, Stack size 0 bytes, pan_rf.o(i.rf_set_transmit_flag))
<BR><BR>[Called By]<UL><LI><a href="#[9b]">&gt;&gt;</a>&nbsp;&nbsp;&nbsp;main
</UL>

<P><STRONG><a name="[15b]"></a>rf_set_tx_mode</STRONG> (Thumb, 22 bytes, Stack size 0 bytes, pan_rf.o(i.rf_set_tx_mode))
<BR><BR>[Calls]<UL><LI><a href="#[13a]">&gt;&gt;</a>&nbsp;&nbsp;&nbsp;rf_write_spec_page_reg_bits
</UL>
<BR>[Called By]<UL><LI><a href="#[11f]">&gt;&gt;</a>&nbsp;&nbsp;&nbsp;rf_single_tx_data
</UL>

<P><STRONG><a name="[157]"></a>rf_set_tx_power</STRONG> (Thumb, 334 bytes, Stack size 0 bytes, pan_rf.o(i.rf_set_tx_power))
<BR><BR>[Calls]<UL><LI><a href="#[13a]">&gt;&gt;</a>&nbsp;&nbsp;&nbsp;rf_write_spec_page_reg_bits
<LI><a href="#[12e]">&gt;&gt;</a>&nbsp;&nbsp;&nbsp;rf_write_spec_page_reg
<LI><a href="#[129]">&gt;&gt;</a>&nbsp;&nbsp;&nbsp;rf_set_spec_page_reg_bits
<LI><a href="#[128]">&gt;&gt;</a>&nbsp;&nbsp;&nbsp;rf_reset_spec_page_reg_bits
<LI><a href="#[14e]">&gt;&gt;</a>&nbsp;&nbsp;&nbsp;rf_read_freq
<LI><a href="#[131]">&gt;&gt;</a>&nbsp;&nbsp;&nbsp;rf_efuse_read_encry_byte
<LI><a href="#[130]">&gt;&gt;</a>&nbsp;&nbsp;&nbsp;rf_efuse_on
<LI><a href="#[12f]">&gt;&gt;</a>&nbsp;&nbsp;&nbsp;rf_efuse_off
</UL>
<BR>[Called By]<UL><LI><a href="#[11e]">&gt;&gt;</a>&nbsp;&nbsp;&nbsp;rf_set_default_para
</UL>

<P><STRONG><a name="[151]"></a>rf_should_turnon_ldr</STRONG> (Thumb, 40 bytes, Stack size 0 bytes, pan_rf.o(i.rf_should_turnon_ldr))
<BR><BR>[Called By]<UL><LI><a href="#[156]">&gt;&gt;</a>&nbsp;&nbsp;&nbsp;rf_set_sf
<LI><a href="#[150]">&gt;&gt;</a>&nbsp;&nbsp;&nbsp;rf_set_bw
</UL>

<P><STRONG><a name="[11f]"></a>rf_single_tx_data</STRONG> (Thumb, 60 bytes, Stack size 0 bytes, pan_rf.o(i.rf_single_tx_data))
<BR><BR>[Calls]<UL><LI><a href="#[15b]">&gt;&gt;</a>&nbsp;&nbsp;&nbsp;rf_set_tx_mode
<LI><a href="#[136]">&gt;&gt;</a>&nbsp;&nbsp;&nbsp;rf_set_mode
<LI><a href="#[15a]">&gt;&gt;</a>&nbsp;&nbsp;&nbsp;rf_set_ldo_pa_on
<LI><a href="#[14f]">&gt;&gt;</a>&nbsp;&nbsp;&nbsp;rf_send_packet
<LI><a href="#[145]">&gt;&gt;</a>&nbsp;&nbsp;&nbsp;rf_get_tx_time
</UL>
<BR>[Called By]<UL><LI><a href="#[9b]">&gt;&gt;</a>&nbsp;&nbsp;&nbsp;main
</UL>

<P><STRONG><a name="[132]"></a>rf_switch_page</STRONG> (Thumb, 44 bytes, Stack size 0 bytes, pan_rf.o(i.rf_switch_page))
<BR><BR>[Calls]<UL><LI><a href="#[147]">&gt;&gt;</a>&nbsp;&nbsp;&nbsp;rf_write_reg
<LI><a href="#[146]">&gt;&gt;</a>&nbsp;&nbsp;&nbsp;rf_read_reg
</UL>
<BR>[Called By]<UL><LI><a href="#[158]">&gt;&gt;</a>&nbsp;&nbsp;&nbsp;rf_write_spec_page_regs
<LI><a href="#[12e]">&gt;&gt;</a>&nbsp;&nbsp;&nbsp;rf_write_spec_page_reg
<LI><a href="#[141]">&gt;&gt;</a>&nbsp;&nbsp;&nbsp;rf_read_spec_page_regs
<LI><a href="#[134]">&gt;&gt;</a>&nbsp;&nbsp;&nbsp;rf_read_spec_page_reg
<LI><a href="#[131]">&gt;&gt;</a>&nbsp;&nbsp;&nbsp;rf_efuse_read_encry_byte
</UL>

<P><STRONG><a name="[a7]"></a>rf_tcxo_close</STRONG> (Thumb, 2 bytes, Stack size 0 bytes, pan_port.o(i.rf_tcxo_close))
<BR>[Address Reference Count : 1]<UL><LI> pan_port.o(.data)
</UL>
<P><STRONG><a name="[a3]"></a>rf_tcxo_init</STRONG> (Thumb, 2 bytes, Stack size 0 bytes, pan_port.o(i.rf_tcxo_init))
<BR>[Address Reference Count : 1]<UL><LI> pan_port.o(.data)
</UL>
<P><STRONG><a name="[133]"></a>rf_write_fifo</STRONG> (Thumb, 52 bytes, Stack size 0 bytes, pan_rf.o(i.rf_write_fifo))
<BR><BR>[Called By]<UL><LI><a href="#[14f]">&gt;&gt;</a>&nbsp;&nbsp;&nbsp;rf_send_packet
<LI><a href="#[131]">&gt;&gt;</a>&nbsp;&nbsp;&nbsp;rf_efuse_read_encry_byte
</UL>

<P><STRONG><a name="[147]"></a>rf_write_reg</STRONG> (Thumb, 58 bytes, Stack size 0 bytes, pan_rf.o(i.rf_write_reg))
<BR><BR>[Calls]<UL><LI><a href="#[146]">&gt;&gt;</a>&nbsp;&nbsp;&nbsp;rf_read_reg
</UL>
<BR>[Called By]<UL><LI><a href="#[12e]">&gt;&gt;</a>&nbsp;&nbsp;&nbsp;rf_write_spec_page_reg
<LI><a href="#[132]">&gt;&gt;</a>&nbsp;&nbsp;&nbsp;rf_switch_page
<LI><a href="#[136]">&gt;&gt;</a>&nbsp;&nbsp;&nbsp;rf_set_mode
<LI><a href="#[14f]">&gt;&gt;</a>&nbsp;&nbsp;&nbsp;rf_send_packet
<LI><a href="#[14c]">&gt;&gt;</a>&nbsp;&nbsp;&nbsp;rf_refresh
<LI><a href="#[11d]">&gt;&gt;</a>&nbsp;&nbsp;&nbsp;rf_init
</UL>

<P><STRONG><a name="[12e]"></a>rf_write_spec_page_reg</STRONG> (Thumb, 28 bytes, Stack size 0 bytes, pan_rf.o(i.rf_write_spec_page_reg))
<BR><BR>[Calls]<UL><LI><a href="#[147]">&gt;&gt;</a>&nbsp;&nbsp;&nbsp;rf_write_reg
<LI><a href="#[132]">&gt;&gt;</a>&nbsp;&nbsp;&nbsp;rf_switch_page
</UL>
<BR>[Called By]<UL><LI><a href="#[13a]">&gt;&gt;</a>&nbsp;&nbsp;&nbsp;rf_write_spec_page_reg_bits
<LI><a href="#[157]">&gt;&gt;</a>&nbsp;&nbsp;&nbsp;rf_set_tx_power
<LI><a href="#[129]">&gt;&gt;</a>&nbsp;&nbsp;&nbsp;rf_set_spec_page_reg_bits
<LI><a href="#[155]">&gt;&gt;</a>&nbsp;&nbsp;&nbsp;rf_set_freq
<LI><a href="#[149]">&gt;&gt;</a>&nbsp;&nbsp;&nbsp;rf_set_agc
<LI><a href="#[14f]">&gt;&gt;</a>&nbsp;&nbsp;&nbsp;rf_send_packet
<LI><a href="#[128]">&gt;&gt;</a>&nbsp;&nbsp;&nbsp;rf_reset_spec_page_reg_bits
<LI><a href="#[148]">&gt;&gt;</a>&nbsp;&nbsp;&nbsp;rf_reg_cfg
<LI><a href="#[11d]">&gt;&gt;</a>&nbsp;&nbsp;&nbsp;rf_init
<LI><a href="#[139]">&gt;&gt;</a>&nbsp;&nbsp;&nbsp;rf_ft_calibr
<LI><a href="#[12d]">&gt;&gt;</a>&nbsp;&nbsp;&nbsp;rf_clr_irq
</UL>

<P><STRONG><a name="[13a]"></a>rf_write_spec_page_reg_bits</STRONG> (Thumb, 64 bytes, Stack size 0 bytes, pan_rf.o(i.rf_write_spec_page_reg_bits))
<BR><BR>[Calls]<UL><LI><a href="#[12e]">&gt;&gt;</a>&nbsp;&nbsp;&nbsp;rf_write_spec_page_reg
<LI><a href="#[134]">&gt;&gt;</a>&nbsp;&nbsp;&nbsp;rf_read_spec_page_reg
</UL>
<BR>[Called By]<UL><LI><a href="#[157]">&gt;&gt;</a>&nbsp;&nbsp;&nbsp;rf_set_tx_power
<LI><a href="#[15b]">&gt;&gt;</a>&nbsp;&nbsp;&nbsp;rf_set_tx_mode
<LI><a href="#[156]">&gt;&gt;</a>&nbsp;&nbsp;&nbsp;rf_set_sf
<LI><a href="#[137]">&gt;&gt;</a>&nbsp;&nbsp;&nbsp;rf_set_rx_mode
<LI><a href="#[159]">&gt;&gt;</a>&nbsp;&nbsp;&nbsp;rf_set_lo_freq
<LI><a href="#[152]">&gt;&gt;</a>&nbsp;&nbsp;&nbsp;rf_set_ldr
<LI><a href="#[154]">&gt;&gt;</a>&nbsp;&nbsp;&nbsp;rf_set_crc
<LI><a href="#[153]">&gt;&gt;</a>&nbsp;&nbsp;&nbsp;rf_set_code_rate
<LI><a href="#[150]">&gt;&gt;</a>&nbsp;&nbsp;&nbsp;rf_set_bw
<LI><a href="#[139]">&gt;&gt;</a>&nbsp;&nbsp;&nbsp;rf_ft_calibr
<LI><a href="#[12a]">&gt;&gt;</a>&nbsp;&nbsp;&nbsp;rf_set_gpio_state
</UL>

<P><STRONG><a name="[158]"></a>rf_write_spec_page_regs</STRONG> (Thumb, 130 bytes, Stack size 0 bytes, pan_rf.o(i.rf_write_spec_page_regs))
<BR><BR>[Calls]<UL><LI><a href="#[132]">&gt;&gt;</a>&nbsp;&nbsp;&nbsp;rf_switch_page
</UL>
<BR>[Called By]<UL><LI><a href="#[138]">&gt;&gt;</a>&nbsp;&nbsp;&nbsp;rf_set_rx_single_timeout
<LI><a href="#[155]">&gt;&gt;</a>&nbsp;&nbsp;&nbsp;rf_set_freq
</UL>

<P><STRONG><a name="[a9]"></a>spi_cs_set_high</STRONG> (Thumb, 8 bytes, Stack size 0 bytes, pan_port.o(i.spi_cs_set_high))
<BR><BR>[Calls]<UL><LI><a href="#[d9]">&gt;&gt;</a>&nbsp;&nbsp;&nbsp;PORT_SetBits
</UL>
<BR>[Address Reference Count : 1]<UL><LI> pan_port.o(.data)
</UL>
<P><STRONG><a name="[aa]"></a>spi_cs_set_low</STRONG> (Thumb, 8 bytes, Stack size 0 bytes, pan_port.o(i.spi_cs_set_low))
<BR><BR>[Calls]<UL><LI><a href="#[df]">&gt;&gt;</a>&nbsp;&nbsp;&nbsp;PORT_ResetBits
</UL>
<BR>[Address Reference Count : 1]<UL><LI> pan_port.o(.data)
</UL>
<P><STRONG><a name="[a8]"></a>spi_readwritebyte</STRONG> (Thumb, 48 bytes, Stack size 0 bytes, pan_port.o(i.spi_readwritebyte))
<BR><BR>[Calls]<UL><LI><a href="#[15c]">&gt;&gt;</a>&nbsp;&nbsp;&nbsp;SPI_SendData8
<LI><a href="#[e8]">&gt;&gt;</a>&nbsp;&nbsp;&nbsp;SPI_ReceiveData8
<LI><a href="#[e6]">&gt;&gt;</a>&nbsp;&nbsp;&nbsp;SPI_GetFlag
</UL>
<BR>[Address Reference Count : 1]<UL><LI> pan_port.o(.data)
</UL><P>
<H3>
Local Symbols
</H3>
<P><STRONG><a name="[f9]"></a>__NVIC_ClearPendingIRQ</STRONG> (Thumb, 26 bytes, Stack size 0 bytes, ev_hc32f460_lqfp100_v2.o(i.__NVIC_ClearPendingIRQ))
<BR><BR>[Called By]<UL><LI><a href="#[fc]">&gt;&gt;</a>&nbsp;&nbsp;&nbsp;Timer6_Cfg
<LI><a href="#[f6]">&gt;&gt;</a>&nbsp;&nbsp;&nbsp;Timer4_Init
</UL>

<P><STRONG><a name="[fa]"></a>__NVIC_EnableIRQ</STRONG> (Thumb, 26 bytes, Stack size 0 bytes, ev_hc32f460_lqfp100_v2.o(i.__NVIC_EnableIRQ))
<BR><BR>[Called By]<UL><LI><a href="#[fc]">&gt;&gt;</a>&nbsp;&nbsp;&nbsp;Timer6_Cfg
<LI><a href="#[f6]">&gt;&gt;</a>&nbsp;&nbsp;&nbsp;Timer4_Init
</UL>

<P><STRONG><a name="[f8]"></a>__NVIC_SetPriority</STRONG> (Thumb, 32 bytes, Stack size 0 bytes, ev_hc32f460_lqfp100_v2.o(i.__NVIC_SetPriority))
<BR><BR>[Called By]<UL><LI><a href="#[fc]">&gt;&gt;</a>&nbsp;&nbsp;&nbsp;Timer6_Cfg
<LI><a href="#[f6]">&gt;&gt;</a>&nbsp;&nbsp;&nbsp;Timer4_Init
</UL>

<P><STRONG><a name="[ec]"></a>SetUartBaudrate</STRONG> (Thumb, 264 bytes, Stack size 0 bytes, hc32f460_utility.o(i.SetUartBaudrate))
<BR><BR>[Calls]<UL><LI><a href="#[b2]">&gt;&gt;</a>&nbsp;&nbsp;&nbsp;__aeabi_uldivmod
</UL>
<BR>[Called By]<UL><LI><a href="#[105]">&gt;&gt;</a>&nbsp;&nbsp;&nbsp;UART_PrintfInit
</UL>

<P><STRONG><a name="[11b]"></a>UartPutChar</STRONG> (Thumb, 46 bytes, Stack size 0 bytes, hc32f460_utility.o(i.UartPutChar))
<BR><BR>[Called By]<UL><LI><a href="#[a1]">&gt;&gt;</a>&nbsp;&nbsp;&nbsp;fputc
</UL>

<P><STRONG><a name="[e9]"></a>SetClkSyncBaudrate</STRONG> (Thumb, 222 bytes, Stack size 0 bytes, hc32f460_usart.o(i.SetClkSyncBaudrate))
<BR><BR>[Calls]<UL><LI><a href="#[b2]">&gt;&gt;</a>&nbsp;&nbsp;&nbsp;__aeabi_uldivmod
<LI><a href="#[ea]">&gt;&gt;</a>&nbsp;&nbsp;&nbsp;UsartGetClk
</UL>
<BR>[Called By]<UL><LI><a href="#[106]">&gt;&gt;</a>&nbsp;&nbsp;&nbsp;USART_SetBaudrate
</UL>

<P><STRONG><a name="[eb]"></a>SetScBaudrate</STRONG> (Thumb, 272 bytes, Stack size 0 bytes, hc32f460_usart.o(i.SetScBaudrate))
<BR><BR>[Calls]<UL><LI><a href="#[b2]">&gt;&gt;</a>&nbsp;&nbsp;&nbsp;__aeabi_uldivmod
<LI><a href="#[ea]">&gt;&gt;</a>&nbsp;&nbsp;&nbsp;UsartGetClk
</UL>
<BR>[Called By]<UL><LI><a href="#[106]">&gt;&gt;</a>&nbsp;&nbsp;&nbsp;USART_SetBaudrate
</UL>

<P><STRONG><a name="[ed]"></a>SetUartBaudrate</STRONG> (Thumb, 276 bytes, Stack size 0 bytes, hc32f460_usart.o(i.SetUartBaudrate))
<BR><BR>[Calls]<UL><LI><a href="#[b2]">&gt;&gt;</a>&nbsp;&nbsp;&nbsp;__aeabi_uldivmod
<LI><a href="#[ea]">&gt;&gt;</a>&nbsp;&nbsp;&nbsp;UsartGetClk
</UL>
<BR>[Called By]<UL><LI><a href="#[106]">&gt;&gt;</a>&nbsp;&nbsp;&nbsp;USART_SetBaudrate
</UL>

<P><STRONG><a name="[ea]"></a>UsartGetClk</STRONG> (Thumb, 74 bytes, Stack size 0 bytes, hc32f460_usart.o(i.UsartGetClk))
<BR><BR>[Calls]<UL><LI><a href="#[ad]">&gt;&gt;</a>&nbsp;&nbsp;&nbsp;Ddl_AssertHandler
</UL>
<BR>[Called By]<UL><LI><a href="#[ed]">&gt;&gt;</a>&nbsp;&nbsp;&nbsp;SetUartBaudrate
<LI><a href="#[eb]">&gt;&gt;</a>&nbsp;&nbsp;&nbsp;SetScBaudrate
<LI><a href="#[e9]">&gt;&gt;</a>&nbsp;&nbsp;&nbsp;SetClkSyncBaudrate
</UL>

<P><STRONG><a name="[117]"></a>_fp_digits</STRONG> (Thumb, 366 bytes, Stack size 0 bytes, printfa.o(i._fp_digits), UNUSED)
<BR><BR>[Calls]<UL><LI><a href="#[b2]">&gt;&gt;</a>&nbsp;&nbsp;&nbsp;__aeabi_uldivmod
<LI><a href="#[c1]">&gt;&gt;</a>&nbsp;&nbsp;&nbsp;__aeabi_dadd
<LI><a href="#[10d]">&gt;&gt;</a>&nbsp;&nbsp;&nbsp;__aeabi_cdrcmple
<LI><a href="#[be]">&gt;&gt;</a>&nbsp;&nbsp;&nbsp;__aeabi_dmul
<LI><a href="#[bf]">&gt;&gt;</a>&nbsp;&nbsp;&nbsp;__aeabi_ddiv
<LI><a href="#[c6]">&gt;&gt;</a>&nbsp;&nbsp;&nbsp;__aeabi_d2ulz
</UL>
<BR>[Called By]<UL><LI><a href="#[10b]">&gt;&gt;</a>&nbsp;&nbsp;&nbsp;_printf_core
</UL>

<P><STRONG><a name="[10b]"></a>_printf_core</STRONG> (Thumb, 1704 bytes, Stack size 0 bytes, printfa.o(i._printf_core), UNUSED)
<BR><BR>[Calls]<UL><LI><a href="#[b2]">&gt;&gt;</a>&nbsp;&nbsp;&nbsp;__aeabi_uldivmod
<LI><a href="#[11a]">&gt;&gt;</a>&nbsp;&nbsp;&nbsp;__aeabi_uidivmod
<LI><a href="#[118]">&gt;&gt;</a>&nbsp;&nbsp;&nbsp;_printf_pre_padding
<LI><a href="#[119]">&gt;&gt;</a>&nbsp;&nbsp;&nbsp;_printf_post_padding
<LI><a href="#[117]">&gt;&gt;</a>&nbsp;&nbsp;&nbsp;_fp_digits
</UL>
<BR>[Called By]<UL><LI><a href="#[10a]">&gt;&gt;</a>&nbsp;&nbsp;&nbsp;__0printf
</UL>

<P><STRONG><a name="[119]"></a>_printf_post_padding</STRONG> (Thumb, 36 bytes, Stack size 0 bytes, printfa.o(i._printf_post_padding), UNUSED)
<BR><BR>[Called By]<UL><LI><a href="#[10b]">&gt;&gt;</a>&nbsp;&nbsp;&nbsp;_printf_core
</UL>

<P><STRONG><a name="[118]"></a>_printf_pre_padding</STRONG> (Thumb, 46 bytes, Stack size 0 bytes, printfa.o(i._printf_pre_padding), UNUSED)
<BR><BR>[Called By]<UL><LI><a href="#[10b]">&gt;&gt;</a>&nbsp;&nbsp;&nbsp;_printf_core
</UL>
<P>
<H3>
Undefined Global Symbols
</H3><HR></body></html>
