<html>
<body>
<pre>
<h1>µVision Build Log</h1>
<h2>Tool Versions:</h2>
IDE-Version: µVision V5.41.0.0
Copyright (C) 2024 ARM Ltd and ARM Germany GmbH. All rights reserved.
License Information: Kurt Donnerwetter, freelancer, LIC=50D7S-LUZZR-BX4UY-IWJ2K-HGE9I-C075C
 
Tool Versions:
Toolchain:       MDK-ARM Professional  Version: 5.41.0.0
Toolchain Path:  C:\Keil_v535\ARM\ARMCC\Bin
C Compiler:      Armcc.exe V5.06 update 7 (build 960)
Assembler:       Armasm.exe V5.06 update 7 (build 960)
Linker/Locator:  ArmLink.exe V5.06 update 7 (build 960)
Library Manager: ArmAr.exe V5.06 update 7 (build 960)
Hex Converter:   FromElf.exe V5.06 update 7 (build 960)
CPU DLL:         SARMCM3.DLL V5.41.0.0
Dialog DLL:      DCM.DLL V1.17.5.0
Target DLL:      Segger\JL2CM3.dll V2.99.45.0
Dialog DLL:      TCM.DLL V1.56.4.0
 
<h2>Project:</h2>
D:\RFprojects\Panchip\hc32-pan3029-sdk-V0.8\01_HCSDK\example\txrx\keil\txrx.uvprojx
Project File Date:  04/08/2025

<h2>Output:</h2>
*** Using Compiler 'V5.06 update 7 (build 960)', folder: 'C:\Keil_v535\ARM\ARMCC\Bin'
Build target 'txrx'
assembling startup_hc32f460.s...
compiling system_hc32f460.c...
compiling hc32f460_pwc.c...
compiling hc32f460_interrupts.c...
compiling ev_hc32f460_lqfp100_v2.c...
compiling hc32f460_utility.c...
compiling hc32f460_clk.c...
compiling hc32f460_icg.c...
compiling hc32f460_spi.c...
compiling hc32f460_efm.c...
compiling hc32f460_gpio.c...
compiling hc32f460_sram.c...
compiling hc32f460_exint_nmi_swi.c...
compiling hc32f460_timer4_cnt.c...
compiling hc32f460_timer4_oco.c...
compiling hc32f460_usart.c...
compiling hc32f460_timer4_pwm.c...
compiling hc32f460_timer6.c...
compiling pan_port.c...
compiling main.c...
compiling pan_rf.c...
linking...
Program Size: Code=25504 RO-data=1616 RW-data=108 ZI-data=2852  
FromELF: creating hex file...
".\output\debug\txrx.axf" - 0 Error(s), 0 Warning(s).

<h2>Software Packages used:</h2>

Package Vendor: ARM
                http://www.keil.com/pack/ARM.CMSIS.5.9.0.pack
                ARM::CMSIS@5.9.0
                CMSIS (Common Microcontroller Software Interface Standard)
   * Component: CORE Version: 5.6.0

Package Vendor: HDSC
                https://raw.githubusercontent.com/hdscmcu/pack/master/HDSC.HC32F460.1.0.11.pack
                HDSC::HC32F460@1.0.11
                HC32F460 ARM Cortex-M4 Device Family Pack

<h2>Collection of Component include folders:</h2>
  ./RTE/_txrx
  C:/Users/Admin/AppData/Local/Arm/Packs/ARM/CMSIS/5.9.0/CMSIS/Core/Include
  C:/Users/Admin/AppData/Local/Arm/Packs/HDSC/HC32F460/1.0.11/Device/Include

<h2>Collection of Component Files used:</h2>

   * Component: ARM::CMSIS:CORE@5.6.0
Build Time Elapsed:  00:00:21
</pre>
</body>
</html>
